$ npm test -- --runInBand tests/System.spec.ts -t 'should handle refund partial liquidity'

> @ston-fi/dex-core-v2@2.2.0 test
> jest --verbose --runInBand tests/System.spec.ts -t should handle refund partial liquidity

PASS tests/System.spec.ts (6.536 s)
  System
    Dex
      ✓ should handle refund partial liquidity (418 ms)
      ○ skipped should handle mint & burn liquidity
      ○ skipped should handle swaps
      ○ skipped should handle invalid transfers
      ○ skipped should handle cross swap
    Governance
      ○ skipped should reset pool gas
      ○ skipped should reset pool gas (different address)
      ○ skipped should reset router gas
      ○ skipped should lock & unlock pool
      ○ skipped should set fees
      ○ skipped should collect fees

Test Suites: 1 passed, 10 skipped, 1 total
Snapshots:   0 total
Time:        6.733 s
Ran all test suites matching /tests\/System.spec.ts/i with tests matching "should handle refund partial liquidity".
exit=0
