$ npm test -- --runInBand tests/System.spec.ts -t 'should handle mint & burn liquidity'

> @ston-fi/dex-core-v2@2.2.0 test
> jest --verbose --runInBand tests/System.spec.ts -t should handle mint & burn liquidity

PASS tests/System.spec.ts
  System
    Dex
      ✓ should handle mint & burn liquidity (510 ms)
      ○ skipped should handle refund partial liquidity
      ○ skipped should handle swaps
      ○ skipped should handle invalid transfers
      ○ skipped should handle cross swap
    Governance
      ○ skipped should reset pool gas
      ○ skipped should reset pool gas (different address)
      ○ skipped should reset router gas
      ○ skipped should lock & unlock pool
      ○ skipped should set fees
      ○ skipped should collect fees

Test Suites: 1 passed, 1 total
Tests:       10 skipped, 1 passed, 11 total
Snapshots:   0 total
Time:        5.165 s, estimated 8 s
Ran all test suites matching /tests\/System.spec.ts/i with tests matching "should handle mint & burn liquidity".
