
> @ston-fi/dex-core-v2@2.2.0 test
> jest --verbose --runInBand tests/WeightedCPI.spec.ts -t should set fees|should collect fees|should bounce collect fees if no fee

PASS tests/WeightedCPI.spec.ts (6.887 s)
  Weighted CPI
    Fees
      ✓ should set fees (1071 ms)
      ✓ should collect fees (1167 ms)
      ○ skipped should collect ref fee from vault
    Params
      ○ skipped should set params
      ○ skipped should swap with different ratio
    Dex
      ○ skipped should deploy dex
      ○ skipped should swap
      ○ skipped should provide lp
      ○ skipped should provide lp (single side)
      ○ skipped should burn liquidity
      ○ skipped should cross-swap on the same router
      ○ skipped should cross-swap on 2 routers
      ○ skipped should direct add liquidity (all)
      ○ skipped should direct add liquidity (partial)
      ○ skipped should swap with 0 ref fee
      ○ skipped should swap with max ref fee
    Refund
      ○ skipped should refund partial liquidity
      ○ skipped should refund swap
      ○ skipped should refund cross-swap on the same router
      ○ skipped should refund swap if pool locked
      ○ skipped should refund swap if fee more than max
      ○ skipped should refund cross-swap on 2 routers (in)
      ○ skipped should refund cross-swap on 2 routers (mid)
    Bounce
      ✓ should bounce collect fees if no fee (906 ms)
      ○ skipped should bounce set fees if not admin

Test Suites: 1 passed, 1 total
Tests:       22 skipped, 3 passed, 25 total
Snapshots:   0 total
Time:        7.064 s, estimated 11 s
Ran all test suites matching /tests\/WeightedCPI.spec.ts/i with tests matching "should set fees|should collect fees|should bounce collect fees if no fee".
