
> @ston-fi/dex-core-v2@2.2.0 test
> jest --verbose --runInBand tests/ConstProduct.spec.ts -t burn|refund swap|refund cross

PASS tests/ConstProduct.spec.ts (12.974 s)
  Const Product
    wip
      ○ skipped 123
    Pool code upgrade
      ○ skipped should init new pool code
      ○ skipped should cancel new pool code
      ○ skipped should finalize new pool code
      ○ skipped should not finalize new pool code if time not passed
      ○ skipped should set new pool code on pool
      ○ skipped should not set new pool code if empty
    Fees
      ○ skipped should set fees
      ○ skipped should collect fees
      ○ skipped should collect ref fee from vault
    Dex
      ✓ should burn lp and swap (1046 ms)
      ✓ should burn liquidity (961 ms)
      ✓ should refund swap if tx is expired (808 ms)
      ○ skipped should deploy dex
      ○ skipped should swap
      ○ skipped should provide lp
      ○ skipped should provide lp with payload
      ○ skipped should provide lp with payload to a different address
      ○ skipped should handle more complex scenarios
      ○ skipped should provide lp (single side)
      ○ skipped should provide lp (single side) with protocol fees
      ○ skipped should cross-swap on the same router
      ○ skipped should cross-swap on 2 routers
      ○ skipped should direct add liquidity (all)
      ○ skipped should direct add liquidity (partial)
      ○ skipped should swap with 0 ref fee
      ○ skipped should swap with max ref fee
    Refund
      ✓ should refund swap (842 ms)
      ✓ should refund cross-swap on the same router (1286 ms)
      ✓ should refund cross-swap on 2 routers (in) (1525 ms)
      ✓ should refund cross-swap on 2 routers (mid) (1536 ms)
      ✓ should refund swap if fee more than max (833 ms)
      ○ skipped should refund partial liquidity
      ○ skipped should refund both lp tokens
    Bounce
      ○ skipped should bounce set fees if not admin
      ○ skipped should bounce collect fees if no fee

Test Suites: 1 passed, 1 total
Tests:       28 skipped, 8 passed, 36 total
Snapshots:   0 total
Time:        13.123 s, estimated 14 s
Ran all test suites matching /tests\/ConstProduct.spec.ts/i with tests matching "burn|refund swap|refund cross".
