
> @ston-fi/dex-core-v2@2.2.0 test
> jest --verbose --runInBand tests/ConstProduct.spec.ts tests/ConstSum.spec.ts tests/Stableswap.spec.ts tests/WeightedCPI.spec.ts tests/WeightedStableswap.spec.ts -t should collect ref fee from vault|should swap with max ref fee|should swap with 0 ref fee|should swap

PASS tests/ConstSum.spec.ts (7.08 s)
  Const Sum
    Fees
      ✓ should collect ref fee from vault (1132 ms)
      ○ skipped should set fees
      ○ skipped should collect fees
    Dex
      ✓ should swap (769 ms)
      ✓ should swap with 0 ref fee (747 ms)
      ✓ should swap with max ref fee (810 ms)
      ○ skipped should deploy dex
      ○ skipped should provide lp
      ○ skipped should provide lp (single side)
      ○ skipped should burn liquidity
      ○ skipped should cross-swap on the same router
      ○ skipped should cross-swap on 2 routers
      ○ skipped should direct add liquidity (all)
      ○ skipped should direct add liquidity (partial)
    Refund
      ○ skipped should refund partial liquidity
      ○ skipped should refund swap
      ○ skipped should refund swap if wrong payload
      ○ skipped should refund cross-swap on the same router
      ○ skipped should refund swap if fee more than max
      ○ skipped should refund cross-swap on 2 routers (in)
      ○ skipped should refund cross-swap on 2 routers (mid)
    Bounce
      ○ skipped should bounce set fees if not admin
      ○ skipped should bounce collect fees if no fee

PASS tests/ConstProduct.spec.ts (6.518 s)
  Const Product
    wip
      ○ skipped 123
    Pool code upgrade
      ○ skipped should init new pool code
      ○ skipped should cancel new pool code
      ○ skipped should finalize new pool code
      ○ skipped should not finalize new pool code if time not passed
      ○ skipped should set new pool code on pool
      ○ skipped should not set new pool code if empty
    Fees
      ✓ should collect ref fee from vault (1097 ms)
      ○ skipped should set fees
      ○ skipped should collect fees
    Dex
      ✓ should swap (822 ms)
      ✓ should swap with 0 ref fee (801 ms)
      ✓ should swap with max ref fee (863 ms)
      ○ skipped should deploy dex
      ○ skipped should provide lp
      ○ skipped should provide lp with payload
      ○ skipped should provide lp with payload to a different address
      ○ skipped should handle more complex scenarios
      ○ skipped should provide lp (single side)
      ○ skipped should burn lp and swap
      ○ skipped should provide lp (single side) with protocol fees
      ○ skipped should burn liquidity
      ○ skipped should cross-swap on the same router
      ○ skipped should cross-swap on 2 routers
      ○ skipped should direct add liquidity (all)
      ○ skipped should direct add liquidity (partial)
      ○ skipped should refund swap if tx is expired
    Refund
      ○ skipped should refund partial liquidity
      ○ skipped should refund both lp tokens
      ○ skipped should refund swap
      ○ skipped should refund cross-swap on the same router
      ○ skipped should refund cross-swap on 2 routers (in)
      ○ skipped should refund cross-swap on 2 routers (mid)
      ○ skipped should refund swap if fee more than max
    Bounce
      ○ skipped should bounce set fees if not admin
      ○ skipped should bounce collect fees if no fee

PASS tests/Stableswap.spec.ts (7.22 s)
  Stableswap
    Fees
      ✓ should collect ref fee from vault (1130 ms)
      ○ skipped should set fees
      ○ skipped should collect fees
    Params
      ○ skipped should set params
      ○ skipped should set param
    Dex
      ✓ should swap (923 ms)
      ✓ should swap with different amp (880 ms)
      ✓ should swap with 0 ref fee (888 ms)
      ✓ should swap with max ref fee (869 ms)
      ○ skipped should deploy dex
      ○ skipped should provide lp
      ○ skipped should provide lp (single side)
      ○ skipped should burn liquidity
      ○ skipped should cross-swap on the same router
      ○ skipped should cross-swap on 2 routers
      ○ skipped should direct add liquidity (all)
      ○ skipped should direct add liquidity (partial)
    Refund
      ○ skipped should refund partial liquidity
      ○ skipped should refund swap
      ○ skipped should refund cross-swap on the same router
      ○ skipped should refund swap if pool locked
      ○ skipped should refund swap if fee more than max
      ○ skipped should refund cross-swap on 2 routers (in)
      ○ skipped should refund cross-swap on 2 routers (mid)
    Bounce
      ○ skipped should bounce set fees if not admin
      ○ skipped should bounce collect fees if no fee

PASS tests/WeightedStableswap.spec.ts (8.028 s)
  Weighted Stableswap
    Fees
      ✓ should collect ref fee from vault (1303 ms)
      ○ skipped should set fees
      ○ skipped should collect fees
    Params
      ✓ should swap with different ratio (1006 ms)
      ○ skipped should set params
      ○ skipped should set params (no setter)
      ○ skipped should set new rate with setter call
    Dex
      ✓ should swap (1006 ms)
      ✓ should swap with 0 ref fee (1060 ms)
      ✓ should swap with max ref fee (1001 ms)
      ○ skipped should deploy dex
      ○ skipped should provide lp
      ○ skipped should provide lp (single side)
      ○ skipped should burn liquidity
      ○ skipped should cross-swap on the same router
      ○ skipped should cross-swap on 2 routers
      ○ skipped should direct add liquidity (all)
      ○ skipped should direct add liquidity (partial)
    Refund
      ○ skipped should refund partial liquidity
      ○ skipped should refund swap
      ○ skipped should refund cross-swap on the same router
      ○ skipped should refund swap if pool locked
      ○ skipped should refund swap if fee more than max
      ○ skipped should refund cross-swap on 2 routers (in)
      ○ skipped should refund cross-swap on 2 routers (mid)
    Bounce
      ○ skipped should bounce set fees if not admin
      ○ skipped should bounce collect fees if no fee
      ○ skipped should bounce set new rate by non-setter

PASS tests/WeightedCPI.spec.ts (8.861 s)
  Weighted CPI
    Fees
      ✓ should collect ref fee from vault (1258 ms)
      ○ skipped should set fees
      ○ skipped should collect fees
    Params
      ✓ should swap with different ratio (1148 ms)
      ○ skipped should set params
    Dex
      ✓ should swap (1239 ms)
      ✓ should swap with 0 ref fee (1461 ms)
      ✓ should swap with max ref fee (1192 ms)
      ○ skipped should deploy dex
      ○ skipped should provide lp
      ○ skipped should provide lp (single side)
      ○ skipped should burn liquidity
      ○ skipped should cross-swap on the same router
      ○ skipped should cross-swap on 2 routers
      ○ skipped should direct add liquidity (all)
      ○ skipped should direct add liquidity (partial)
    Refund
      ○ skipped should refund partial liquidity
      ○ skipped should refund swap
      ○ skipped should refund cross-swap on the same router
      ○ skipped should refund swap if pool locked
      ○ skipped should refund swap if fee more than max
      ○ skipped should refund cross-swap on 2 routers (in)
      ○ skipped should refund cross-swap on 2 routers (mid)
    Bounce
      ○ skipped should bounce set fees if not admin
      ○ skipped should bounce collect fees if no fee

Test Suites: 5 passed, 5 total
Tests:       115 skipped, 23 passed, 138 total
Snapshots:   0 total
Time:        37.871 s, estimated 54 s
Ran all test suites matching /tests\/ConstProduct.spec.ts|tests\/ConstSum.spec.ts|tests\/Stableswap.spec.ts|tests\/WeightedCPI.spec.ts|tests\/WeightedStableswap.spec.ts/i with tests matching "should collect ref fee from vault|should swap with max ref fee|should swap with 0 ref fee|should swap".
