
> @ston-fi/dex-core-v2@2.2.0 test
> jest --verbose --runInBand tests/WeightedStableswap.spec.ts -t should set params$|should set params \(no setter\)|should set new rate with setter call|should bounce set new rate by non-setter|should swap with different ratio

PASS tests/WeightedStableswap.spec.ts (8.442 s)
  Weighted Stableswap
    Fees
      ○ skipped should set fees
      ○ skipped should collect fees
      ○ skipped should collect ref fee from vault
    Params
      ✓ should set params (1063 ms)
      ✓ should set params (no setter) (879 ms)
      ✓ should swap with different ratio (988 ms)
      ✓ should set new rate with setter call (907 ms)
    Dex
      ○ skipped should deploy dex
      ○ skipped should swap
      ○ skipped should provide lp
      ○ skipped should provide lp (single side)
      ○ skipped should burn liquidity
      ○ skipped should cross-swap on the same router
      ○ skipped should cross-swap on 2 routers
      ○ skipped should direct add liquidity (all)
      ○ skipped should direct add liquidity (partial)
      ○ skipped should swap with 0 ref fee
      ○ skipped should swap with max ref fee
    Refund
      ○ skipped should refund partial liquidity
      ○ skipped should refund swap
      ○ skipped should refund cross-swap on the same router
      ○ skipped should refund swap if pool locked
      ○ skipped should refund swap if fee more than max
      ○ skipped should refund cross-swap on 2 routers (in)
      ○ skipped should refund cross-swap on 2 routers (mid)
    Bounce
      ✓ should bounce set new rate by non-setter (861 ms)
      ○ skipped should bounce set fees if not admin
      ○ skipped should bounce collect fees if no fee

Test Suites: 1 passed, 1 total
Tests:       23 skipped, 5 passed, 28 total
Snapshots:   0 total
Time:        8.577 s, estimated 10 s
Ran all test suites matching /tests\/WeightedStableswap.spec.ts/i with tests matching "should set params$|should set params \(no setter\)|should set new rate with setter call|should bounce set new rate by non-setter|should swap with different ratio".
