
> @ston-fi/dex-core-v2@2.2.0 test
> jest --verbose --runInBand tests/Pool.spec.ts tests/System.spec.ts tests/ConstProduct.spec.ts tests/ConstSum.spec.ts tests/Stableswap.spec.ts tests/WeightedCPI.spec.ts tests/WeightedStableswap.spec.ts -t should refund provide lp if tx is expired|should handle invalid transfers|should handle refund partial liquidity|should provide lp

PASS tests/ConstProduct.spec.ts (8.824 s)
  Const Product
    wip
      ○ skipped 123
    Pool code upgrade
      ○ skipped should init new pool code
      ○ skipped should cancel new pool code
      ○ skipped should finalize new pool code
      ○ skipped should not finalize new pool code if time not passed
      ○ skipped should set new pool code on pool
      ○ skipped should not set new pool code if empty
    Fees
      ○ skipped should set fees
      ○ skipped should collect fees
      ○ skipped should collect ref fee from vault
    Dex
      ✓ should provide lp (1102 ms)
      ✓ should provide lp with payload (820 ms)
      ✓ should provide lp with payload to a different address (815 ms)
      ✓ should provide lp (single side) (1002 ms)
      ✓ should provide lp (single side) with protocol fees (877 ms)
      ○ skipped should deploy dex
      ○ skipped should swap
      ○ skipped should handle more complex scenarios
      ○ skipped should burn lp and swap
      ○ skipped should burn liquidity
      ○ skipped should cross-swap on the same router
      ○ skipped should cross-swap on 2 routers
      ○ skipped should direct add liquidity (all)
      ○ skipped should direct add liquidity (partial)
      ○ skipped should refund swap if tx is expired
      ○ skipped should swap with 0 ref fee
      ○ skipped should swap with max ref fee
    Refund
      ○ skipped should refund partial liquidity
      ○ skipped should refund both lp tokens
      ○ skipped should refund swap
      ○ skipped should refund cross-swap on the same router
      ○ skipped should refund cross-swap on 2 routers (in)
      ○ skipped should refund cross-swap on 2 routers (mid)
      ○ skipped should refund swap if fee more than max
    Bounce
      ○ skipped should bounce set fees if not admin
      ○ skipped should bounce collect fees if no fee

PASS tests/WeightedStableswap.spec.ts
  Weighted Stableswap
    Fees
      ○ skipped should set fees
      ○ skipped should collect fees
      ○ skipped should collect ref fee from vault
    Params
      ○ skipped should set params
      ○ skipped should set params (no setter)
      ○ skipped should swap with different ratio
      ○ skipped should set new rate with setter call
    Dex
      ✓ should provide lp (1161 ms)
      ✓ should provide lp (single side) (1063 ms)
      ○ skipped should deploy dex
      ○ skipped should swap
      ○ skipped should burn liquidity
      ○ skipped should cross-swap on the same router
      ○ skipped should cross-swap on 2 routers
      ○ skipped should direct add liquidity (all)
      ○ skipped should direct add liquidity (partial)
      ○ skipped should swap with 0 ref fee
      ○ skipped should swap with max ref fee
    Refund
      ○ skipped should refund partial liquidity
      ○ skipped should refund swap
      ○ skipped should refund cross-swap on the same router
      ○ skipped should refund swap if pool locked
      ○ skipped should refund swap if fee more than max
      ○ skipped should refund cross-swap on 2 routers (in)
      ○ skipped should refund cross-swap on 2 routers (mid)
    Bounce
      ○ skipped should bounce set fees if not admin
      ○ skipped should bounce collect fees if no fee
      ○ skipped should bounce set new rate by non-setter

PASS tests/ConstSum.spec.ts
  Const Sum
    Fees
      ○ skipped should set fees
      ○ skipped should collect fees
      ○ skipped should collect ref fee from vault
    Dex
      ✓ should provide lp (1042 ms)
      ✓ should provide lp (single side) (813 ms)
      ○ skipped should deploy dex
      ○ skipped should swap
      ○ skipped should burn liquidity
      ○ skipped should cross-swap on the same router
      ○ skipped should cross-swap on 2 routers
      ○ skipped should direct add liquidity (all)
      ○ skipped should direct add liquidity (partial)
      ○ skipped should swap with 0 ref fee
      ○ skipped should swap with max ref fee
    Refund
      ○ skipped should refund partial liquidity
      ○ skipped should refund swap
      ○ skipped should refund swap if wrong payload
      ○ skipped should refund cross-swap on the same router
      ○ skipped should refund swap if fee more than max
      ○ skipped should refund cross-swap on 2 routers (in)
      ○ skipped should refund cross-swap on 2 routers (mid)
    Bounce
      ○ skipped should bounce set fees if not admin
      ○ skipped should bounce collect fees if no fee

PASS tests/WeightedCPI.spec.ts
  Weighted CPI
    Fees
      ○ skipped should set fees
      ○ skipped should collect fees
      ○ skipped should collect ref fee from vault
    Params
      ○ skipped should set params
      ○ skipped should swap with different ratio
    Dex
      ✓ should provide lp (1154 ms)
      ✓ should provide lp (single side) (1001 ms)
      ○ skipped should deploy dex
      ○ skipped should swap
      ○ skipped should burn liquidity
      ○ skipped should cross-swap on the same router
      ○ skipped should cross-swap on 2 routers
      ○ skipped should direct add liquidity (all)
      ○ skipped should direct add liquidity (partial)
      ○ skipped should swap with 0 ref fee
      ○ skipped should swap with max ref fee
    Refund
      ○ skipped should refund partial liquidity
      ○ skipped should refund swap
      ○ skipped should refund cross-swap on the same router
      ○ skipped should refund swap if pool locked
      ○ skipped should refund swap if fee more than max
      ○ skipped should refund cross-swap on 2 routers (in)
      ○ skipped should refund cross-swap on 2 routers (mid)
    Bounce
      ○ skipped should bounce set fees if not admin
      ○ skipped should bounce collect fees if no fee

PASS tests/Stableswap.spec.ts
  Stableswap
    Fees
      ○ skipped should set fees
      ○ skipped should collect fees
      ○ skipped should collect ref fee from vault
    Params
      ○ skipped should set params
      ○ skipped should set param
    Dex
      ✓ should provide lp (964 ms)
      ✓ should provide lp (single side) (953 ms)
      ○ skipped should deploy dex
      ○ skipped should swap
      ○ skipped should burn liquidity
      ○ skipped should cross-swap on the same router
      ○ skipped should cross-swap on 2 routers
      ○ skipped should direct add liquidity (all)
      ○ skipped should direct add liquidity (partial)
      ○ skipped should swap with different amp
      ○ skipped should swap with 0 ref fee
      ○ skipped should swap with max ref fee
    Refund
      ○ skipped should refund partial liquidity
      ○ skipped should refund swap
      ○ skipped should refund cross-swap on the same router
      ○ skipped should refund swap if pool locked
      ○ skipped should refund swap if fee more than max
      ○ skipped should refund cross-swap on 2 routers (in)
      ○ skipped should refund cross-swap on 2 routers (mid)
    Bounce
      ○ skipped should bounce set fees if not admin
      ○ skipped should bounce collect fees if no fee

PASS tests/System.spec.ts
  System
    Dex
      ✓ should handle refund partial liquidity (257 ms)
      ✓ should handle invalid transfers (210 ms)
      ○ skipped should handle mint & burn liquidity
      ○ skipped should handle swaps
      ○ skipped should handle cross swap
    Governance
      ○ skipped should reset pool gas
      ○ skipped should reset pool gas (different address)
      ○ skipped should reset router gas
      ○ skipped should lock & unlock pool
      ○ skipped should set fees
      ○ skipped should collect fees

PASS tests/Pool.spec.ts
  Pool
    Router calls
      ✓ should refund provide lp if tx is expired (15 ms)
      ○ skipped should refund swap if tx is expired
      ○ skipped should bounce if tokens are the same
    Getters
      ○ skipped should generate valid URI

Test Suites: 7 passed, 7 total
Tests:       137 skipped, 16 passed, 153 total
Snapshots:   0 total
Time:        31.907 s, estimated 48 s
Ran all test suites matching /tests\/Pool.spec.ts|tests\/System.spec.ts|tests\/ConstProduct.spec.ts|tests\/ConstSum.spec.ts|tests\/Stableswap.spec.ts|tests\/WeightedCPI.spec.ts|tests\/WeightedStableswap.spec.ts/i with tests matching "should refund provide lp if tx is expired|should handle invalid transfers|should handle refund partial liquidity|should provide lp".
