
> @ston-fi/dex-core-v2@2.2.0 test
> jest --verbose --runInBand tests/ConstProduct.spec.ts tests/WeightedCPI.spec.ts tests/Stableswap.spec.ts tests/WeightedStableswap.spec.ts tests/ConstSum.spec.ts -t should swap$|should provide lp$|should burn liquidity|should collect ref fee from vault

PASS tests/WeightedStableswap.spec.ts (8.747 s)
  Weighted Stableswap
    Fees
      ✓ should collect ref fee from vault (1461 ms)
      ○ skipped should set fees
      ○ skipped should collect fees
    Params
      ○ skipped should set params
      ○ skipped should set params (no setter)
      ○ skipped should swap with different ratio
      ○ skipped should set new rate with setter call
    Dex
      ✓ should swap (1060 ms)
      ✓ should provide lp (1173 ms)
      ✓ should burn liquidity (1229 ms)
      ○ skipped should deploy dex
      ○ skipped should provide lp (single side)
      ○ skipped should cross-swap on the same router
      ○ skipped should cross-swap on 2 routers
      ○ skipped should direct add liquidity (all)
      ○ skipped should direct add liquidity (partial)
      ○ skipped should swap with 0 ref fee
      ○ skipped should swap with max ref fee
    Refund
      ○ skipped should refund partial liquidity
      ○ skipped should refund swap
      ○ skipped should refund cross-swap on the same router
      ○ skipped should refund swap if pool locked
      ○ skipped should refund swap if fee more than max
      ○ skipped should refund cross-swap on 2 routers (in)
      ○ skipped should refund cross-swap on 2 routers (mid)
    Bounce
      ○ skipped should bounce set fees if not admin
      ○ skipped should bounce collect fees if no fee
      ○ skipped should bounce set new rate by non-setter

PASS tests/WeightedCPI.spec.ts (7.154 s)
  Weighted CPI
    Fees
      ✓ should collect ref fee from vault (1230 ms)
      ○ skipped should set fees
      ○ skipped should collect fees
    Params
      ○ skipped should set params
      ○ skipped should swap with different ratio
    Dex
      ✓ should swap (1024 ms)
      ✓ should provide lp (1157 ms)
      ✓ should burn liquidity (1148 ms)
      ○ skipped should deploy dex
      ○ skipped should provide lp (single side)
      ○ skipped should cross-swap on the same router
      ○ skipped should cross-swap on 2 routers
      ○ skipped should direct add liquidity (all)
      ○ skipped should direct add liquidity (partial)
      ○ skipped should swap with 0 ref fee
      ○ skipped should swap with max ref fee
    Refund
      ○ skipped should refund partial liquidity
      ○ skipped should refund swap
      ○ skipped should refund cross-swap on the same router
      ○ skipped should refund swap if pool locked
      ○ skipped should refund swap if fee more than max
      ○ skipped should refund cross-swap on 2 routers (in)
      ○ skipped should refund cross-swap on 2 routers (mid)
    Bounce
      ○ skipped should bounce set fees if not admin
      ○ skipped should bounce collect fees if no fee

PASS tests/ConstProduct.spec.ts (7.581 s)
  Const Product
    wip
      ○ skipped 123
    Pool code upgrade
      ○ skipped should init new pool code
      ○ skipped should cancel new pool code
      ○ skipped should finalize new pool code
      ○ skipped should not finalize new pool code if time not passed
      ○ skipped should set new pool code on pool
      ○ skipped should not set new pool code if empty
    Fees
      ✓ should collect ref fee from vault (1452 ms)
      ○ skipped should set fees
      ○ skipped should collect fees
    Dex
      ✓ should swap (908 ms)
      ✓ should provide lp (1034 ms)
      ✓ should burn liquidity (998 ms)
      ○ skipped should deploy dex
      ○ skipped should provide lp with payload
      ○ skipped should provide lp with payload to a different address
      ○ skipped should handle more complex scenarios
      ○ skipped should provide lp (single side)
      ○ skipped should burn lp and swap
      ○ skipped should provide lp (single side) with protocol fees
      ○ skipped should cross-swap on the same router
      ○ skipped should cross-swap on 2 routers
      ○ skipped should direct add liquidity (all)
      ○ skipped should direct add liquidity (partial)
      ○ skipped should refund swap if tx is expired
      ○ skipped should swap with 0 ref fee
      ○ skipped should swap with max ref fee
    Refund
      ○ skipped should refund partial liquidity
      ○ skipped should refund both lp tokens
      ○ skipped should refund swap
      ○ skipped should refund cross-swap on the same router
      ○ skipped should refund cross-swap on 2 routers (in)
      ○ skipped should refund cross-swap on 2 routers (mid)
      ○ skipped should refund swap if fee more than max
    Bounce
      ○ skipped should bounce set fees if not admin
      ○ skipped should bounce collect fees if no fee

PASS tests/ConstSum.spec.ts (6.454 s)
  Const Sum
    Fees
      ✓ should collect ref fee from vault (1039 ms)
      ○ skipped should set fees
      ○ skipped should collect fees
    Dex
      ✓ should swap (838 ms)
      ✓ should provide lp (1004 ms)
      ✓ should burn liquidity (910 ms)
      ○ skipped should deploy dex
      ○ skipped should provide lp (single side)
      ○ skipped should cross-swap on the same router
      ○ skipped should cross-swap on 2 routers
      ○ skipped should direct add liquidity (all)
      ○ skipped should direct add liquidity (partial)
      ○ skipped should swap with 0 ref fee
      ○ skipped should swap with max ref fee
    Refund
      ○ skipped should refund partial liquidity
      ○ skipped should refund swap
      ○ skipped should refund swap if wrong payload
      ○ skipped should refund cross-swap on the same router
      ○ skipped should refund swap if fee more than max
      ○ skipped should refund cross-swap on 2 routers (in)
      ○ skipped should refund cross-swap on 2 routers (mid)
    Bounce
      ○ skipped should bounce set fees if not admin
      ○ skipped should bounce collect fees if no fee

PASS tests/Stableswap.spec.ts (6.637 s)
  Stableswap
    Fees
      ✓ should collect ref fee from vault (1200 ms)
      ○ skipped should set fees
      ○ skipped should collect fees
    Params
      ○ skipped should set params
      ○ skipped should set param
    Dex
      ✓ should swap (902 ms)
      ✓ should provide lp (961 ms)
      ✓ should burn liquidity (1019 ms)
      ○ skipped should deploy dex
      ○ skipped should provide lp (single side)
      ○ skipped should cross-swap on the same router
      ○ skipped should cross-swap on 2 routers
      ○ skipped should direct add liquidity (all)
      ○ skipped should direct add liquidity (partial)
      ○ skipped should swap with different amp
      ○ skipped should swap with 0 ref fee
      ○ skipped should swap with max ref fee
    Refund
      ○ skipped should refund partial liquidity
      ○ skipped should refund swap
      ○ skipped should refund cross-swap on the same router
      ○ skipped should refund swap if pool locked
      ○ skipped should refund swap if fee more than max
      ○ skipped should refund cross-swap on 2 routers (in)
      ○ skipped should refund cross-swap on 2 routers (mid)
    Bounce
      ○ skipped should bounce set fees if not admin
      ○ skipped should bounce collect fees if no fee

Test Suites: 5 passed, 5 total
Tests:       118 skipped, 20 passed, 138 total
Snapshots:   0 total
Time:        36.763 s
Ran all test suites matching /tests\/ConstProduct.spec.ts|tests\/WeightedCPI.spec.ts|tests\/Stableswap.spec.ts|tests\/WeightedStableswap.spec.ts|tests\/ConstSum.spec.ts/i with tests matching "should swap$|should provide lp$|should burn liquidity|should collect ref fee from vault".
