
> @ston-fi/dex-core-v2@2.2.0 test
> jest --verbose --runInBand tests/Pool.spec.ts tests/Router.spec.ts tests/LPAccount.spec.ts tests/System.spec.ts -t refund swap if tx is expired|refund provide lp if tx is expired|bounce if tokens are the same|return valid pool address|return valid data|handle invalid transfers|handle refund partial liquidity

PASS tests/System.spec.ts
  System
    Dex
      ✓ should handle refund partial liquidity (404 ms)
      ✓ should handle invalid transfers (192 ms)
      ○ skipped should handle mint & burn liquidity
      ○ skipped should handle swaps
      ○ skipped should handle cross swap
    Governance
      ○ skipped should reset pool gas
      ○ skipped should reset pool gas (different address)
      ○ skipped should reset router gas
      ○ skipped should lock & unlock pool
      ○ skipped should set fees
      ○ skipped should collect fees

PASS tests/Router.spec.ts
  Router
    Governance
      ○ skipped should handle lock & unlock
      ○ skipped should handle upgrades
    Getters
      ✓ should return valid pool address (26 ms)
      ○ skipped should return correct dex version

PASS tests/Pool.spec.ts
  Pool
    Router calls
      ✓ should refund swap if tx is expired (16 ms)
      ✓ should refund provide lp if tx is expired (16 ms)
      ✓ should bounce if tokens are the same (23 ms)
    Getters
      ○ skipped should generate valid URI

PASS tests/LPAccount.spec.ts
  LPAccount
    Getters
      ✓ should return valid data (10 ms)

Test Suites: 4 passed, 4 total
Tests:       13 skipped, 7 passed, 20 total
Snapshots:   0 total
Time:        10.233 s
Ran all test suites matching /tests\/Pool.spec.ts|tests\/Router.spec.ts|tests\/LPAccount.spec.ts|tests\/System.spec.ts/i with tests matching "refund swap if tx is expired|refund provide lp if tx is expired|bounce if tokens are the same|return valid pool address|return valid data|handle invalid transfers|handle refund partial liquidity".
