cross_file_anchors 15
withdrawal_tuple_cases 4
first_payout_amount 777
second_withdrawal_accepted false
stored_owner_recipient OWNER
deterministic_tuple_accepts 1
attacker_value_extraction false
result PASS

PASS tests/WeightedCPI.spec.ts (5.702 s)
  Weighted CPI
    Fees
      ✓ should collect ref fee from vault (1484 ms)
      ○ skipped should set fees
      ○ skipped should collect fees
      ○ skipped should deploy dex
      ○ skipped should swap
      ○ skipped should provide lp
      ○ skipped should burn liquidity
      ○ skipped should cross-swap on the same router
      ○ skipped should cross-swap on 2 routers
      ○ skipped should direct add liquidity (all)
      ○ skipped should direct add liquidity (partial)
      ○ skipped should swap with 0 ref fee
      ○ skipped should swap with max ref fee
      ○ skipped should refund partial liquidity
      ○ skipped should refund swap
      ○ skipped should refund cross-swap on the same router
      ○ skipped should refund swap if pool locked
      ○ skipped should refund swap if fee more than max
      ○ skipped should refund cross-swap on 2 routers (in)
      ○ skipped should refund swap on 2 routers (mid)

Test Suites: 1 passed, 1 total
Tests:       24 skipped, 1 passed, 25 total
Time:        5.869 s
