COMMAND: node iter_165/poc_lp_account_zero_lp_donation_price.test.js
{
  "variants_checked": 5,
  "zero_donation_samples_checked": 2,
  "zero_result_cases": 1,
  "accepted_min_zero_donations": 1,
  "lp_supply_delta_on_zero_result": 0,
  "protocol_fee_delta_on_zero_result": 0,
  "reserve_delta_equals_user_deposit": true,
  "donor_claim_increase_is_self_funded": true,
  "attacker_value_extraction": false,
  "result": "PASS"
}
RUNTIME: 0.4s static/model

COMMAND: npm test -- --runInBand tests/ConstProduct.spec.ts tests/ConstSum.spec.ts tests/Stableswap.spec.ts tests/WeightedCPI.spec.ts tests/WeightedStableswap.spec.ts -t 'should provide lp|should burn liquidity'
RESULT: PASS
TEST_SUITES: 5 passed, 5 total
TESTS: 120 skipped, 18 passed, 138 total
SNAPSHOTS: 0 total
RUNTIME: 39.283s

