
> @ston-fi/dex-core-v2@2.2.0 test
> jest --verbose --runInBand tests/ConstProduct.spec.ts -t should burn liquidity|should burn lp and swap|should provide lp|should refund both lp tokens

PASS tests/ConstProduct.spec.ts (11.335 s)
  Const Product
    wip
      ○ skipped 123
    Pool code upgrade
      ○ skipped should init new pool code
      ○ skipped should cancel new pool code
      ○ skipped should finalize new pool code
      ○ skipped should not finalize new pool code if time not passed
      ○ skipped should set new pool code on pool
      ○ skipped should not set new pool code if empty
    Fees
      ○ skipped should set fees
      ○ skipped should collect fees
      ○ skipped should collect ref fee from vault
    Dex
      ✓ should provide lp (1085 ms)
      ✓ should provide lp with payload (812 ms)
      ✓ should provide lp with payload to a different address (810 ms)
      ✓ should provide lp (single side) (1007 ms)
      ✓ should burn lp and swap (871 ms)
      ✓ should provide lp (single side) with protocol fees (884 ms)
      ✓ should burn liquidity (911 ms)
      ○ skipped should deploy dex
      ○ skipped should swap
      ○ skipped should handle more complex scenarios
      ○ skipped should cross-swap on the same router
      ○ skipped should cross-swap on 2 routers
      ○ skipped should direct add liquidity (all)
      ○ skipped should direct add liquidity (partial)
      ○ skipped should refund swap if tx is expired
      ○ skipped should swap with 0 ref fee
      ○ skipped should swap with max ref fee
    Refund
      ✓ should refund both lp tokens (925 ms)
      ○ skipped should refund partial liquidity
      ○ skipped should refund swap
      ○ skipped should refund cross-swap on the same router
      ○ skipped should refund cross-swap on 2 routers (in)
      ○ skipped should refund cross-swap on 2 routers (mid)
      ○ skipped should refund swap if fee more than max
    Bounce
      ○ skipped should bounce set fees if not admin
      ○ skipped should bounce collect fees if no fee

Test Suites: 1 passed, 1 total
Tests:       28 skipped, 8 passed, 36 total
Snapshots:   0 total
Time:        11.469 s
Ran all test suites matching /tests\/ConstProduct.spec.ts/i with tests matching "should burn liquidity|should burn lp and swap|should provide lp|should refund both lp tokens".
