
> @ston-fi/dex-core-v2@2.2.0 test
> jest --verbose --runInBand tests/ConstProduct.spec.ts tests/WeightedCPI.spec.ts tests/Stableswap.spec.ts tests/WeightedStableswap.spec.ts tests/ConstSum.spec.ts -t should swap with 0 ref fee|should swap with max ref fee|should collect ref fee from vault

PASS tests/WeightedStableswap.spec.ts (7.272 s)
  Weighted Stableswap
    Fees
      ✓ should collect ref fee from vault (1479 ms)
      ○ skipped should set fees
      ○ skipped should collect fees
    Params
      ○ skipped should set params
      ○ skipped should set params (no setter)
      ○ skipped should swap with different ratio
      ○ skipped should set new rate with setter call
    Dex
      ✓ should swap with 0 ref fee (1036 ms)
      ✓ should swap with max ref fee (1050 ms)
      ○ skipped should deploy dex
      ○ skipped should swap
      ○ skipped should provide lp
      ○ skipped should provide lp (single side)
      ○ skipped should burn liquidity
      ○ skipped should cross-swap on the same router
      ○ skipped should cross-swap on 2 routers
      ○ skipped should direct add liquidity (all)
      ○ skipped should direct add liquidity (partial)
    Refund
      ○ skipped should refund partial liquidity
      ○ skipped should refund swap
      ○ skipped should refund cross-swap on the same router
      ○ skipped should refund swap if pool locked
      ○ skipped should refund swap if fee more than max
      ○ skipped should refund cross-swap on 2 routers (in)
      ○ skipped should refund cross-swap on 2 routers (mid)
    Bounce
      ○ skipped should bounce set fees if not admin
      ○ skipped should bounce collect fees if no fee
      ○ skipped should bounce set new rate by non-setter

PASS tests/ConstProduct.spec.ts (5.946 s)
  Const Product
    wip
      ○ skipped 123
    Pool code upgrade
      ○ skipped should init new pool code
      ○ skipped should cancel new pool code
      ○ skipped should finalize new pool code
      ○ skipped should not finalize new pool code if time not passed
      ○ skipped should set new pool code on pool
      ○ skipped should not set new pool code if empty
    Fees
      ✓ should collect ref fee from vault (1215 ms)
      ○ skipped should set fees
      ○ skipped should collect fees
    Dex
      ✓ should swap with 0 ref fee (860 ms)
      ✓ should swap with max ref fee (888 ms)
      ○ skipped should deploy dex
      ○ skipped should swap
      ○ skipped should provide lp
      ○ skipped should provide lp with payload
      ○ skipped should provide lp with payload to a different address
      ○ skipped should handle more complex scenarios
      ○ skipped should provide lp (single side)
      ○ skipped should burn lp and swap
      ○ skipped should provide lp (single side) with protocol fees
      ○ skipped should burn liquidity
      ○ skipped should cross-swap on the same router
      ○ skipped should cross-swap on 2 routers
      ○ skipped should direct add liquidity (all)
      ○ skipped should direct add liquidity (partial)
      ○ skipped should refund swap if tx is expired
    Refund
      ○ skipped should refund partial liquidity
      ○ skipped should refund both lp tokens
      ○ skipped should refund swap
      ○ skipped should refund cross-swap on the same router
      ○ skipped should refund cross-swap on 2 routers (in)
      ○ skipped should refund cross-swap on 2 routers (mid)
      ○ skipped should refund swap if fee more than max
    Bounce
      ○ skipped should bounce set fees if not admin
      ○ skipped should bounce collect fees if no fee

PASS tests/WeightedCPI.spec.ts (5.961 s)
  Weighted CPI
    Fees
      ✓ should collect ref fee from vault (1339 ms)
      ○ skipped should set fees
      ○ skipped should collect fees
    Params
      ○ skipped should set params
      ○ skipped should swap with different ratio
    Dex
      ✓ should swap with 0 ref fee (977 ms)
      ✓ should swap with max ref fee (998 ms)
      ○ skipped should deploy dex
      ○ skipped should swap
      ○ skipped should provide lp
      ○ skipped should provide lp (single side)
      ○ skipped should burn liquidity
      ○ skipped should cross-swap on the same router
      ○ skipped should cross-swap on 2 routers
      ○ skipped should direct add liquidity (all)
      ○ skipped should direct add liquidity (partial)
    Refund
      ○ skipped should refund partial liquidity
      ○ skipped should refund swap
      ○ skipped should refund cross-swap on the same router
      ○ skipped should refund swap if pool locked
      ○ skipped should refund swap if fee more than max
      ○ skipped should refund cross-swap on 2 routers (in)
      ○ skipped should refund cross-swap on 2 routers (mid)
    Bounce
      ○ skipped should bounce set fees if not admin
      ○ skipped should bounce collect fees if no fee

PASS tests/Stableswap.spec.ts (5.756 s)
  Stableswap
    Fees
      ✓ should collect ref fee from vault (1259 ms)
      ○ skipped should set fees
      ○ skipped should collect fees
    Params
      ○ skipped should set params
      ○ skipped should set param
    Dex
      ✓ should swap with 0 ref fee (899 ms)
      ✓ should swap with max ref fee (917 ms)
      ○ skipped should deploy dex
      ○ skipped should swap
      ○ skipped should provide lp
      ○ skipped should provide lp (single side)
      ○ skipped should burn liquidity
      ○ skipped should cross-swap on the same router
      ○ skipped should cross-swap on 2 routers
      ○ skipped should direct add liquidity (all)
      ○ skipped should direct add liquidity (partial)
      ○ skipped should swap with different amp
    Refund
      ○ skipped should refund partial liquidity
      ○ skipped should refund swap
      ○ skipped should refund cross-swap on the same router
      ○ skipped should refund swap if pool locked
      ○ skipped should refund swap if fee more than max
      ○ skipped should refund cross-swap on 2 routers (in)
      ○ skipped should refund cross-swap on 2 routers (mid)
    Bounce
      ○ skipped should bounce set fees if not admin
      ○ skipped should bounce collect fees if no fee

PASS tests/ConstSum.spec.ts (5.758 s)
  Const Sum
    Fees
      ✓ should collect ref fee from vault (1213 ms)
      ○ skipped should set fees
      ○ skipped should collect fees
    Dex
      ✓ should swap with 0 ref fee (831 ms)
      ✓ should swap with max ref fee (828 ms)
      ○ skipped should deploy dex
      ○ skipped should swap
      ○ skipped should provide lp
      ○ skipped should provide lp (single side)
      ○ skipped should burn liquidity
      ○ skipped should cross-swap on the same router
      ○ skipped should cross-swap on 2 routers
      ○ skipped should direct add liquidity (all)
      ○ skipped should direct add liquidity (partial)
    Refund
      ○ skipped should refund partial liquidity
      ○ skipped should refund swap
      ○ skipped should refund swap if wrong payload
      ○ skipped should refund cross-swap on the same router
      ○ skipped should refund swap if fee more than max
      ○ skipped should refund cross-swap on 2 routers (in)
      ○ skipped should refund cross-swap on 2 routers (mid)
    Bounce
      ○ skipped should bounce set fees if not admin
      ○ skipped should bounce collect fees if no fee

Test Suites: 5 passed, 5 total
Tests:       123 skipped, 15 passed, 138 total
Snapshots:   0 total
Time:        30.853 s, estimated 35 s
Ran all test suites matching /tests\/ConstProduct.spec.ts|tests\/WeightedCPI.spec.ts|tests\/Stableswap.spec.ts|tests\/WeightedStableswap.spec.ts|tests\/ConstSum.spec.ts/i with tests matching "should swap with 0 ref fee|should swap with max ref fee|should collect ref fee from vault".
