
> @ston-fi/dex-core-v2@2.2.0 test
> jest --verbose --runInBand tests/System.spec.ts tests/ConstProduct.spec.ts tests/ConstSum.spec.ts tests/Stableswap.spec.ts tests/WeightedStableswap.spec.ts -t should handle invalid transfers|should refund swap if wrong payload|should refund swap if tx is expired|should refund swap$|should refund cross-swap

PASS tests/ConstProduct.spec.ts (10.765 s)
  Const Product
    wip
      ○ skipped 123
    Pool code upgrade
      ○ skipped should init new pool code
      ○ skipped should cancel new pool code
      ○ skipped should finalize new pool code
      ○ skipped should not finalize new pool code if time not passed
      ○ skipped should set new pool code on pool
      ○ skipped should not set new pool code if empty
    Fees
      ○ skipped should set fees
      ○ skipped should collect fees
      ○ skipped should collect ref fee from vault
    Dex
      ✓ should refund swap if tx is expired (1046 ms)
      ○ skipped should deploy dex
      ○ skipped should swap
      ○ skipped should provide lp
      ○ skipped should provide lp with payload
      ○ skipped should provide lp with payload to a different address
      ○ skipped should handle more complex scenarios
      ○ skipped should provide lp (single side)
      ○ skipped should burn lp and swap
      ○ skipped should provide lp (single side) with protocol fees
      ○ skipped should burn liquidity
      ○ skipped should cross-swap on the same router
      ○ skipped should cross-swap on 2 routers
      ○ skipped should direct add liquidity (all)
      ○ skipped should direct add liquidity (partial)
      ○ skipped should swap with 0 ref fee
      ○ skipped should swap with max ref fee
    Refund
      ✓ should refund swap (972 ms)
      ✓ should refund cross-swap on the same router (1581 ms)
      ✓ should refund cross-swap on 2 routers (in) (1561 ms)
      ✓ should refund cross-swap on 2 routers (mid) (1535 ms)
      ○ skipped should refund partial liquidity
      ○ skipped should refund both lp tokens
      ○ skipped should refund swap if fee more than max
    Bounce
      ○ skipped should bounce set fees if not admin
      ○ skipped should bounce collect fees if no fee

PASS tests/WeightedStableswap.spec.ts (8.953 s)
  Weighted Stableswap
    Fees
      ○ skipped should set fees
      ○ skipped should collect fees
      ○ skipped should collect ref fee from vault
    Params
      ○ skipped should set params
      ○ skipped should set params (no setter)
      ○ skipped should swap with different ratio
      ○ skipped should set new rate with setter call
    Dex
      ○ skipped should deploy dex
      ○ skipped should swap
      ○ skipped should provide lp
      ○ skipped should provide lp (single side)
      ○ skipped should burn liquidity
      ○ skipped should cross-swap on the same router
      ○ skipped should cross-swap on 2 routers
      ○ skipped should direct add liquidity (all)
      ○ skipped should direct add liquidity (partial)
      ○ skipped should swap with 0 ref fee
      ○ skipped should swap with max ref fee
    Refund
      ✓ should refund swap (1023 ms)
      ✓ should refund cross-swap on the same router (1548 ms)
      ✓ should refund cross-swap on 2 routers (in) (1764 ms)
      ✓ should refund cross-swap on 2 routers (mid) (1814 ms)
      ○ skipped should refund partial liquidity
      ○ skipped should refund swap if pool locked
      ○ skipped should refund swap if fee more than max
    Bounce
      ○ skipped should bounce set fees if not admin
      ○ skipped should bounce collect fees if no fee
      ○ skipped should bounce set new rate by non-setter

PASS tests/Stableswap.spec.ts (7.877 s)
  Stableswap
    Fees
      ○ skipped should set fees
      ○ skipped should collect fees
      ○ skipped should collect ref fee from vault
    Params
      ○ skipped should set params
      ○ skipped should set param
    Dex
      ○ skipped should deploy dex
      ○ skipped should swap
      ○ skipped should provide lp
      ○ skipped should provide lp (single side)
      ○ skipped should burn liquidity
      ○ skipped should cross-swap on the same router
      ○ skipped should cross-swap on 2 routers
      ○ skipped should direct add liquidity (all)
      ○ skipped should direct add liquidity (partial)
      ○ skipped should swap with different amp
      ○ skipped should swap with 0 ref fee
      ○ skipped should swap with max ref fee
    Refund
      ✓ should refund swap (880 ms)
      ✓ should refund cross-swap on the same router (1408 ms)
      ✓ should refund cross-swap on 2 routers (in) (1498 ms)
      ✓ should refund cross-swap on 2 routers (mid) (1566 ms)
      ○ skipped should refund partial liquidity
      ○ skipped should refund swap if pool locked
      ○ skipped should refund swap if fee more than max
    Bounce
      ○ skipped should bounce set fees if not admin
      ○ skipped should bounce collect fees if no fee

PASS tests/ConstSum.spec.ts (8.107 s)
  Const Sum
    Fees
      ○ skipped should set fees
      ○ skipped should collect fees
      ○ skipped should collect ref fee from vault
    Dex
      ○ skipped should deploy dex
      ○ skipped should swap
      ○ skipped should provide lp
      ○ skipped should provide lp (single side)
      ○ skipped should burn liquidity
      ○ skipped should cross-swap on the same router
      ○ skipped should cross-swap on 2 routers
      ○ skipped should direct add liquidity (all)
      ○ skipped should direct add liquidity (partial)
      ○ skipped should swap with 0 ref fee
      ○ skipped should swap with max ref fee
    Refund
      ✓ should refund swap (887 ms)
      ✓ should refund swap if wrong payload (733 ms)
      ✓ should refund cross-swap on the same router (1175 ms)
      ✓ should refund cross-swap on 2 routers (in) (1361 ms)
      ✓ should refund cross-swap on 2 routers (mid) (1390 ms)
      ○ skipped should refund partial liquidity
      ○ skipped should refund swap if fee more than max
    Bounce
      ○ skipped should bounce set fees if not admin
      ○ skipped should bounce collect fees if no fee

PASS tests/System.spec.ts
  System
    Dex
      ✓ should handle invalid transfers (237 ms)
      ○ skipped should handle mint & burn liquidity
      ○ skipped should handle refund partial liquidity
      ○ skipped should handle swaps
      ○ skipped should handle cross swap
    Governance
      ○ skipped should reset pool gas
      ○ skipped should reset pool gas (different address)
      ○ skipped should reset router gas
      ○ skipped should lock & unlock pool
      ○ skipped should set fees
      ○ skipped should collect fees

Test Suites: 5 passed, 5 total
Tests:       105 skipped, 19 passed, 124 total
Snapshots:   0 total
Time:        38.576 s
Ran all test suites matching /tests\/System.spec.ts|tests\/ConstProduct.spec.ts|tests\/ConstSum.spec.ts|tests\/Stableswap.spec.ts|tests\/WeightedStableswap.spec.ts/i with tests matching "should handle invalid transfers|should refund swap if wrong payload|should refund swap if tx is expired|should refund swap$|should refund cross-swap".
