
> @ston-fi/dex-core-v2@2.2.0 test
> jest --verbose --runInBand tests/System.spec.ts tests/ConstProduct.spec.ts tests/ConstSum.spec.ts tests/Stableswap.spec.ts tests/WeightedCPI.spec.ts tests/WeightedStableswap.spec.ts -t should cross-swap|should refund cross-swap

PASS tests/ConstProduct.spec.ts (13.278 s)
  Const Product
    wip
      ○ skipped 123
    Pool code upgrade
      ○ skipped should init new pool code
      ○ skipped should cancel new pool code
      ○ skipped should finalize new pool code
      ○ skipped should not finalize new pool code if time not passed
      ○ skipped should set new pool code on pool
      ○ skipped should not set new pool code if empty
    Fees
      ○ skipped should set fees
      ○ skipped should collect fees
      ○ skipped should collect ref fee from vault
    Dex
      ✓ should cross-swap on the same router (1707 ms)
      ✓ should cross-swap on 2 routers (1637 ms)
      ○ skipped should deploy dex
      ○ skipped should swap
      ○ skipped should provide lp
      ○ skipped should provide lp with payload
      ○ skipped should provide lp with payload to a different address
      ○ skipped should handle more complex scenarios
      ○ skipped should provide lp (single side)
      ○ skipped should burn lp and swap
      ○ skipped should provide lp (single side) with protocol fees
      ○ skipped should burn liquidity
      ○ skipped should direct add liquidity (all)
      ○ skipped should direct add liquidity (partial)
      ○ skipped should refund swap if tx is expired
      ○ skipped should swap with 0 ref fee
      ○ skipped should swap with max ref fee
    Refund
      ✓ should refund cross-swap on the same router (1336 ms)
      ✓ should refund cross-swap on 2 routers (in) (1491 ms)
      ✓ should refund cross-swap on 2 routers (mid) (1593 ms)
      ○ skipped should refund partial liquidity
      ○ skipped should refund both lp tokens
      ○ skipped should refund swap
      ○ skipped should refund swap if fee more than max
    Bounce
      ○ skipped should bounce set fees if not admin
      ○ skipped should bounce collect fees if no fee

PASS tests/WeightedStableswap.spec.ts (11.636 s)
  Weighted Stableswap
    Fees
      ○ skipped should set fees
      ○ skipped should collect fees
      ○ skipped should collect ref fee from vault
    Params
      ○ skipped should set params
      ○ skipped should set params (no setter)
      ○ skipped should swap with different ratio
      ○ skipped should set new rate with setter call
    Dex
      ✓ should cross-swap on the same router (1673 ms)
      ✓ should cross-swap on 2 routers (1966 ms)
      ○ skipped should deploy dex
      ○ skipped should swap
      ○ skipped should provide lp
      ○ skipped should provide lp (single side)
      ○ skipped should burn liquidity
      ○ skipped should direct add liquidity (all)
      ○ skipped should direct add liquidity (partial)
      ○ skipped should swap with 0 ref fee
      ○ skipped should swap with max ref fee
    Refund
      ✓ should refund cross-swap on the same router (1616 ms)
      ✓ should refund cross-swap on 2 routers (in) (1836 ms)
      ✓ should refund cross-swap on 2 routers (mid) (1866 ms)
      ○ skipped should refund partial liquidity
      ○ skipped should refund swap
      ○ skipped should refund swap if pool locked
      ○ skipped should refund swap if fee more than max
    Bounce
      ○ skipped should bounce set fees if not admin
      ○ skipped should bounce collect fees if no fee
      ○ skipped should bounce set new rate by non-setter

PASS tests/WeightedCPI.spec.ts (10.685 s)
  Weighted CPI
    Fees
      ○ skipped should set fees
      ○ skipped should collect fees
      ○ skipped should collect ref fee from vault
    Params
      ○ skipped should set params
      ○ skipped should swap with different ratio
    Dex
      ✓ should cross-swap on the same router (1572 ms)
      ✓ should cross-swap on 2 routers (1705 ms)
      ○ skipped should deploy dex
      ○ skipped should swap
      ○ skipped should provide lp
      ○ skipped should provide lp (single side)
      ○ skipped should burn liquidity
      ○ skipped should direct add liquidity (all)
      ○ skipped should direct add liquidity (partial)
      ○ skipped should swap with 0 ref fee
      ○ skipped should swap with max ref fee
    Refund
      ✓ should refund cross-swap on the same router (1471 ms)
      ✓ should refund cross-swap on 2 routers (in) (1623 ms)
      ✓ should refund cross-swap on 2 routers (mid) (1690 ms)
      ○ skipped should refund partial liquidity
      ○ skipped should refund swap
      ○ skipped should refund swap if pool locked
      ○ skipped should refund swap if fee more than max
    Bounce
      ○ skipped should bounce set fees if not admin
      ○ skipped should bounce collect fees if no fee

PASS tests/Stableswap.spec.ts (11.13 s)
  Stableswap
    Fees
      ○ skipped should set fees
      ○ skipped should collect fees
      ○ skipped should collect ref fee from vault
    Params
      ○ skipped should set params
      ○ skipped should set param
    Dex
      ✓ should cross-swap on the same router (1497 ms)
      ✓ should cross-swap on 2 routers (1584 ms)
      ○ skipped should deploy dex
      ○ skipped should swap
      ○ skipped should provide lp
      ○ skipped should provide lp (single side)
      ○ skipped should burn liquidity
      ○ skipped should direct add liquidity (all)
      ○ skipped should direct add liquidity (partial)
      ○ skipped should swap with different amp
      ○ skipped should swap with 0 ref fee
      ○ skipped should swap with max ref fee
    Refund
      ✓ should refund cross-swap on the same router (1454 ms)
      ✓ should refund cross-swap on 2 routers (in) (2185 ms)
      ✓ should refund cross-swap on 2 routers (mid) (1813 ms)
      ○ skipped should refund partial liquidity
      ○ skipped should refund swap
      ○ skipped should refund swap if pool locked
      ○ skipped should refund swap if fee more than max
    Bounce
      ○ skipped should bounce set fees if not admin
      ○ skipped should bounce collect fees if no fee

PASS tests/ConstSum.spec.ts (10.977 s)
  Const Sum
    Fees
      ○ skipped should set fees
      ○ skipped should collect fees
      ○ skipped should collect ref fee from vault
    Dex
      ✓ should cross-swap on the same router (1402 ms)
      ✓ should cross-swap on 2 routers (1437 ms)
      ○ skipped should deploy dex
      ○ skipped should swap
      ○ skipped should provide lp
      ○ skipped should provide lp (single side)
      ○ skipped should burn liquidity
      ○ skipped should direct add liquidity (all)
      ○ skipped should direct add liquidity (partial)
      ○ skipped should swap with 0 ref fee
      ○ skipped should swap with max ref fee
    Refund
      ✓ should refund cross-swap on the same router (1196 ms)
      ✓ should refund cross-swap on 2 routers (in) (1404 ms)
      ✓ should refund cross-swap on 2 routers (mid) (1439 ms)
      ○ skipped should refund partial liquidity
      ○ skipped should refund swap
      ○ skipped should refund swap if wrong payload
      ○ skipped should refund swap if fee more than max
    Bounce
      ○ skipped should bounce set fees if not admin
      ○ skipped should bounce collect fees if no fee

Test Suites: 1 skipped, 5 passed, 5 of 6 total
Tests:       124 skipped, 25 passed, 149 total
Snapshots:   0 total
Time:        58.252 s
Ran all test suites matching /tests\/System.spec.ts|tests\/ConstProduct.spec.ts|tests\/ConstSum.spec.ts|tests\/Stableswap.spec.ts|tests\/WeightedCPI.spec.ts|tests\/WeightedStableswap.spec.ts/i with tests matching "should cross-swap|should refund cross-swap".
