cross_file_anchors 14
response_tag_cases 4
only_addr_none_accepted true
invalid_response_bounce_restores 3
valid_owner_payout_legs 2
response_address_redirects_payout false
attacker_value_extraction false
result PASS

PASS tests/System.spec.ts
  System
    Dex
      ✓ should handle mint & burn liquidity (458 ms)
      ○ skipped should handle refund partial liquidity
      ○ skipped should handle swaps
      ○ skipped should handle invalid transfers
      ○ skipped should handle cross swap
    Governance
      ○ skipped should reset pool gas
      ○ skipped should reset pool gas (different address)
      ○ skipped should reset router gas
      ○ skipped should lock & unlock pool
      ○ skipped should set fees
      ○ skipped should collect fees

Test Suites: 1 passed, 1 total
Tests:       10 skipped, 1 passed, 11 total
Time:        4.777 s
