
> @ston-fi/dex-core-v2@2.2.0 test
> jest --verbose --runInBand tests/ConstProduct.spec.ts tests/ConstSum.spec.ts tests/Stableswap.spec.ts tests/WeightedStableswap.spec.ts -t should provide lp|should direct add liquidity|should refund partial liquidity

PASS tests/WeightedStableswap.spec.ts (9.583 s)
  Weighted Stableswap
    Fees
      ○ skipped should set fees
      ○ skipped should collect fees
      ○ skipped should collect ref fee from vault
    Params
      ○ skipped should set params
      ○ skipped should set params (no setter)
      ○ skipped should swap with different ratio
      ○ skipped should set new rate with setter call
    Dex
      ✓ should provide lp (1468 ms)
      ✓ should provide lp (single side) (1085 ms)
      ✓ should direct add liquidity (all) (1146 ms)
      ✓ should direct add liquidity (partial) (1085 ms)
      ○ skipped should deploy dex
      ○ skipped should swap
      ○ skipped should burn liquidity
      ○ skipped should cross-swap on the same router
      ○ skipped should cross-swap on 2 routers
      ○ skipped should swap with 0 ref fee
      ○ skipped should swap with max ref fee
    Refund
      ✓ should refund partial liquidity (1053 ms)
      ○ skipped should refund swap
      ○ skipped should refund cross-swap on the same router
      ○ skipped should refund swap if pool locked
      ○ skipped should refund swap if fee more than max
      ○ skipped should refund cross-swap on 2 routers (in)
      ○ skipped should refund cross-swap on 2 routers (mid)
    Bounce
      ○ skipped should bounce set fees if not admin
      ○ skipped should bounce collect fees if no fee
      ○ skipped should bounce set new rate by non-setter

PASS tests/ConstProduct.spec.ts (11.303 s)
  Const Product
    wip
      ○ skipped 123
    Pool code upgrade
      ○ skipped should init new pool code
      ○ skipped should cancel new pool code
      ○ skipped should finalize new pool code
      ○ skipped should not finalize new pool code if time not passed
      ○ skipped should set new pool code on pool
      ○ skipped should not set new pool code if empty
    Fees
      ○ skipped should set fees
      ○ skipped should collect fees
      ○ skipped should collect ref fee from vault
    Dex
      ✓ should provide lp (1008 ms)
      ✓ should provide lp with payload (923 ms)
      ✓ should provide lp with payload to a different address (1088 ms)
      ✓ should provide lp (single side) (1251 ms)
      ✓ should provide lp (single side) with protocol fees (1351 ms)
      ✓ should direct add liquidity (all) (961 ms)
      ✓ should direct add liquidity (partial) (957 ms)
      ○ skipped should deploy dex
      ○ skipped should swap
      ○ skipped should handle more complex scenarios
      ○ skipped should burn lp and swap
      ○ skipped should burn liquidity
      ○ skipped should cross-swap on the same router
      ○ skipped should cross-swap on 2 routers
      ○ skipped should refund swap if tx is expired
      ○ skipped should swap with 0 ref fee
      ○ skipped should swap with max ref fee
    Refund
      ✓ should refund partial liquidity (865 ms)
      ○ skipped should refund both lp tokens
      ○ skipped should refund swap
      ○ skipped should refund cross-swap on the same router
      ○ skipped should refund cross-swap on 2 routers (in)
      ○ skipped should refund cross-swap on 2 routers (mid)
      ○ skipped should refund swap if fee more than max
    Bounce
      ○ skipped should bounce set fees if not admin
      ○ skipped should bounce collect fees if no fee

PASS tests/Stableswap.spec.ts (7.629 s)
  Stableswap
    Fees
      ○ skipped should set fees
      ○ skipped should collect fees
      ○ skipped should collect ref fee from vault
    Params
      ○ skipped should set params
      ○ skipped should set param
    Dex
      ✓ should provide lp (1080 ms)
      ✓ should provide lp (single side) (942 ms)
      ✓ should direct add liquidity (all) (942 ms)
      ✓ should direct add liquidity (partial) (976 ms)
      ○ skipped should deploy dex
      ○ skipped should swap
      ○ skipped should burn liquidity
      ○ skipped should cross-swap on the same router
      ○ skipped should cross-swap on 2 routers
      ○ skipped should swap with different amp
      ○ skipped should swap with 0 ref fee
      ○ skipped should swap with max ref fee
    Refund
      ✓ should refund partial liquidity (904 ms)
      ○ skipped should refund swap
      ○ skipped should refund cross-swap on the same router
      ○ skipped should refund swap if pool locked
      ○ skipped should refund swap if fee more than max
      ○ skipped should refund cross-swap on 2 routers (in)
      ○ skipped should refund cross-swap on 2 routers (mid)
    Bounce
      ○ skipped should bounce set fees if not admin
      ○ skipped should bounce collect fees if no fee

PASS tests/ConstSum.spec.ts (6.978 s)
  Const Sum
    Fees
      ○ skipped should set fees
      ○ skipped should collect fees
      ○ skipped should collect ref fee from vault
    Dex
      ✓ should provide lp (1057 ms)
      ✓ should provide lp (single side) (853 ms)
      ✓ should direct add liquidity (all) (887 ms)
      ✓ should direct add liquidity (partial) (865 ms)
      ○ skipped should deploy dex
      ○ skipped should swap
      ○ skipped should burn liquidity
      ○ skipped should cross-swap on the same router
      ○ skipped should cross-swap on 2 routers
      ○ skipped should swap with 0 ref fee
      ○ skipped should swap with max ref fee
    Refund
      ✓ should refund partial liquidity (811 ms)
      ○ skipped should refund swap
      ○ skipped should refund swap if wrong payload
      ○ skipped should refund cross-swap on the same router
      ○ skipped should refund swap if fee more than max
      ○ skipped should refund cross-swap on 2 routers (in)
      ○ skipped should refund cross-swap on 2 routers (mid)
    Bounce
      ○ skipped should bounce set fees if not admin
      ○ skipped should bounce collect fees if no fee

Test Suites: 4 passed, 4 total
Tests:       90 skipped, 23 passed, 113 total
Snapshots:   0 total
Time:        35.644 s
Ran all test suites matching /tests\/ConstProduct.spec.ts|tests\/ConstSum.spec.ts|tests\/Stableswap.spec.ts|tests\/WeightedStableswap.spec.ts/i with tests matching "should provide lp|should direct add liquidity|should refund partial liquidity".
