# AX4 prior-audit-git.log
$ git log --all --oneline -- selected direct-add/storage families
c55c739 shadow: complete iter130 AD5 deadend
3b2a767 shadow: complete iter123 AC3 deadend
cc510fb shadow: complete iter112 AA2
388c94e checkpoint: v4flash shadow iter100

$ prior-family scan
Warning: truncated output (original token count: 11692)
Total output lines: 220

/Users/homanyeungmac/bounty-hunt-work/gpt-hackenproof/ston-dot-fi-dex-smart-contracts-v2-flash-wt/blind-test-vps/ston-dot-fi-dex-smart-contracts-v2-flash/iter_101/STATUS.yaml-5-cell_label: router_pay_vault_single_side_stateinit
/Users/homanyeungmac/bounty-hunt-work/gpt-hackenproof/ston-dot-fi-dex-smart-contracts-v2-flash-wt/blind-test-vps/ston-dot-fi-dex-smart-contracts-v2-flash/iter_101/STATUS.yaml:6:final_verdict: DEADEND_WITH_PROOF
/Users/homanyeungmac/bounty-hunt-work/gpt-hackenproof/ston-dot-fi-dex-smart-contracts-v2-flash-wt/blind-test-vps/ston-dot-fi-dex-smart-contracts-v2-flash/iter_101/STATUS.yaml-7-scope:
/Users/homanyeungmac/bounty-hunt-work/gpt-hackenproof/ston-dot-fi-dex-smart-contracts-v2-flash-wt/blind-test-vps/ston-dot-fi-dex-smart-contracts-v2-flash/iter_101/STATUS.yaml-18-  cell_id: Y1
/Users/homanyeungmac/bounty-hunt-work/gpt-hackenproof/ston-dot-fi-dex-smart-contracts-v2-flash-wt/blind-test-vps/ston-dot-fi-dex-smart-contracts-v2-flash/iter_101/STATUS.yaml:19:  final_verdict: DEADEND_WITH_PROOF
/Users/homanyeungmac/bounty-hunt-work/gpt-hackenproof/ston-dot-fi-dex-smart-contracts-v2-flash-wt/blind-test-vps/ston-dot-fi-dex-smart-contracts-v2-flash/iter_101/STATUS.yaml-20-  callers_grep_done: true
/Users/homanyeungmac/bounty-hunt-work/gpt-hackenproof/ston-dot-fi-dex-smart-contracts-v2-flash-wt/blind-test-vps/ston-dot-fi-dex-smart-contracts-v2-flash/iter_102/STATUS.yaml-5-cell_label: router_route_untrusted_notification_binding
/Users/homanyeungmac/bounty-hunt-work/gpt-hackenproof/ston-dot-fi-dex-smart-contracts-v2-flash-wt/blind-test-vps/ston-dot-fi-dex-smart-contracts-v2-flash/iter_102/STATUS.yaml:6:final_verdict: DEADEND_WITH_PROOF
/Users/homanyeungmac/bounty-hunt-work/gpt-hackenproof/ston-dot-fi-dex-smart-contracts-v2-flash-wt/blind-test-vps/ston-dot-fi-dex-smart-contracts-v2-flash/iter_102/STATUS.yaml-7-scope:
/Users/homanyeungmac/bounty-hunt-work/gpt-hackenproof/ston-dot-fi-dex-smart-contracts-v2-flash-wt/blind-test-vps/ston-dot-fi-dex-smart-contracts-v2-flash/iter_102/STATUS.yaml-18-  cell_id: Y2
/Users/homanyeungmac/bounty-hunt-work/gpt-hackenproof/ston-dot-fi-dex-smart-contracts-v2-flash-wt/blind-test-vps/ston-dot-fi-dex-smart-contracts-v2-flash/iter_102/STATUS.yaml:19:  final_verdict: DEADEND_WITH_PROOF
/Users/homanyeungmac/bounty-hunt-work/gpt-hackenproof/ston-dot-fi-dex-smart-contracts-v2-flash-wt/blind-test-vps/ston-dot-fi-dex-smart-contracts-v2-flash/iter_102/STATUS.yaml-20-  callers_grep_done: true
/Users/homanyeungmac/bounty-hunt-work/gpt-hackenproof/ston-dot-fi-dex-smart-contracts-v2-flash-wt/blind-test-vps/ston-dot-fi-dex-smart-contracts-v2-flash/iter_104/STATUS.yaml-5-cell_label: vault_withdraw_permissionless_state_transition
/Users/homanyeungmac/bounty-hunt-work/gpt-hackenproof/ston-dot-fi-dex-smart-contracts-v2-flash-wt/blind-test-vps/ston-dot-fi-dex-smart-contracts-v2-flash/iter_104/STATUS.yaml:6:final_verdict: DEADEND_WITH_PROOF
/Users/homanyeungmac/bounty-hunt-work/gpt-hackenproof/ston-dot-fi-dex-smart-contracts-v2-flash-wt/blind-test-vps/ston-dot-fi-dex-smart-contracts-v2-flash/iter_104/STATUS.yaml-7-scope:
/Users/homanyeungmac/bounty-hunt-work/gpt-hackenproof/ston-dot-fi-dex-smart-contracts-v2-flash-wt/blind-test-vps/ston-dot-fi-dex-smart-contracts-v2-flash/iter_104/STATUS.yaml-18-  cell_id: Y4
/Users/homanyeungmac/bounty-hunt-work/gpt-hackenproof/ston-dot-fi-dex-smart-contracts-v2-flash-wt/blind-test-vps/ston-dot-fi-dex-smart-contracts-v2-flash/iter_104/STATUS.yaml:19:  final_verdict: DEADEND_WITH_PROOF
/Users/homanyeungmac/bounty-hunt-work/gpt-hackenproof/ston-dot-fi-dex-smart-contracts-v2-flash-wt/blind-test-vps/ston-dot-fi-dex-smart-contracts-v2-flash/iter_104/STATUS.yaml-20-  callers_grep_done: true
/Users/homanyeungmac/bounty-hunt-work/gpt-hackenproof/ston-dot-fi-dex-smart-contracts-v2-flash-wt/blind-test-vps/ston-dot-fi-dex-smart-contracts-v2-flash/iter_10/STATUS.yaml-5-cell_label: provide_lp x message_ordering_fees
/Users/homanyeungmac/bounty-hunt-work/gpt-hackenproof/ston-dot-fi-dex-smart-contracts-v2-flash-wt/blind-test-vps/ston-dot-fi-dex-smart-contracts-v2-flash/iter_10/STATUS.yaml:6:final_verdict: DEADEND_WITH_PROOF
/Users/homanyeungmac/bounty-hunt-work/gpt-hackenproof/ston-dot-fi-dex-smart-contracts-v2-flash-wt/blind-test-vps/ston-dot-fi-dex-smart-contracts-v2-flash/iter_10/STATUS.yaml-7-scope:
/Users/homanyeungmac/bounty-hunt-work/gpt-hackenproof/ston-dot-fi-dex-smart-contracts-v2-flash-wt/blind-test-vps/ston-dot-fi-dex-smart-contracts-v2-flash/iter_10/STATUS.yaml-18-  cell_id: P2xC5
/Users/homanyeungmac/bounty-hunt-work/gpt-hackenproof/ston-dot-fi-dex-smart-contracts-v2-flash-wt/blind-test-vps/ston-dot-fi-dex-smart-contracts-v2-flash/iter_10/STATUS.yaml:19:  final_verdict: DEADEND_WITH_PROOF
/Users/homanyeungmac/bounty-hunt-work/gpt-hackenproof/ston-dot-fi-dex-smart-contracts-v2-flash-wt/blind-test-vps/ston-dot-fi-dex-smart-contracts-v2-flash/iter_10/STATUS.yaml-20-  callers_grep_done: true
/Users/homanyeungmac/bounty-hunt-work/gpt-hackenproof/ston-dot-fi-dex-smart-contracts-v2-flash-wt/blind-test-vps/ston-dot-fi-dex-smart-contracts-v2-flash/iter_1/STATUS.yaml-5-cell_label: swap x amount_conservation
/Users/homanyeungmac/bounty-hunt-work/gpt-hackenproof/ston-dot-fi-dex-smart-contracts-v2-flash-wt/blind-test-vps/ston-dot-fi-dex-smart-contracts-v2-flash/iter_1/STATUS.yaml:6:final_verdict: DEADEND_WITH_PROOF
/Users/homanyeungmac/bounty-hunt-work/gpt-hackenproof/ston-dot-fi-dex-smart-contracts-v2-flash-wt/blind-test-vps/ston-dot-fi-dex-smart-contracts-v2-flash/iter_1/STATUS.yaml:19:  final_verdict: DEADEND_WITH_PROOF
/Users/homanyeungmac/bounty-hunt-work/gpt-hackenproof/ston-dot-fi-dex-smart-contracts-v2-flash-wt/blind-test-vps/ston-dot-fi-dex-smart-contracts-v2-flash/iter_105/STATUS.yaml-5-cell_label: router_upgrade_parallel_finalize_cancel
/Users/homanyeungmac/bounty-hunt-work/gpt-hackenproof/ston-dot-fi-dex-smart-contracts-v2-flash-wt/blind-test-vps/ston-dot-fi-dex-smart-contracts-v2-flash/iter_105/STATUS.yaml:6:final_verdict: DEADEND_WITH_PROOF
/Users/homanyeungmac/bounty-hunt-work/gpt-hackenproof/ston-dot-fi-dex-smart-contracts-v2-flash-wt/blind-test-vps/ston-dot-fi-dex-smart-contracts-v2-flash/iter_105/STATUS.yaml-7-scope:
/Users/homanyeungmac/bounty-hunt-work/gpt-hackenproof/ston-dot-fi-dex-smart-contracts-v2-flash-wt/blind-test-vps/ston-dot-fi-dex-smart-contracts-v2-flash/iter_105/STATUS.yaml-18-  cell_id: Y5
/Users/homanyeungmac/bounty-hunt-work/gpt-hackenproof/ston-dot-fi-dex-smart-contracts-v2-flash-wt/blind-test-vps/ston-dot-fi-dex-smart-contracts-v2-flash/iter_105/STATUS.yaml:19:  final_verdict: DEADEND_WITH_PROOF
/Users/homanyeungmac/bounty-hunt-work/gpt-hackenproof/ston-dot-fi-dex-smart-contracts-v2-flash-wt/blind-test-vps/ston-dot-fi-dex-smart-contracts-v2-flash/iter_105/STATUS.yaml-20-  callers_grep_done: true
/Users/homanyeungmac/bounty-hunt-work/gpt-hackenproof/ston-dot-fi-dex-smart-contracts-v2-flash-wt/blind-test-vps/ston-dot-fi-dex-smart-contracts-v2-flash/iter_103/STATUS.yaml-5-cell_label: lp_wallet_forward_payload_dict_boundary
/Users/homanyeungmac/bounty-hunt-work/gpt-hackenproof/ston-dot-fi-dex-smart-contracts-v2-flash-wt/blind-test-vps/ston-dot-fi-dex-smart-contracts-v2-flash/iter_103/STATUS.yaml:6:final_verdict: DEADEND_WITH_PROOF
/Users/homanyeungmac/bounty-hunt-work/gpt-hackenproof/ston-dot-fi-dex-smart-contracts-v2-flash-wt/blind-test-vps/ston-dot-fi-dex-smart-contracts-v2-flash/iter_103/STATUS.yaml-7-scope:
/Users/homanyeungmac/bounty-hunt-work/gpt-hackenproof/ston-dot-fi-dex-smart-contracts-v2-flash-wt/blind-test-vps/ston-dot-fi-dex-smart-contracts-v2-flash/iter_103/STATUS.yaml-18-  cell_id: Y3
/Users/homanyeungmac/bounty-hunt-work/gpt-hackenproof/ston-dot-fi-dex-smart-contracts-v2-flash-wt/blind-test-vps/ston-dot-fi-dex-smart-contracts-v2-flash/iter_103/STATUS.yaml:19:  final_verdict: DEADEND_WITH_PROOF
/Users/homanyeungmac/bounty-hunt-work/gpt-hackenproof/ston-dot-fi-dex-smart-contracts-v2-flash-wt/blind-test-vps/ston-dot-fi-dex-smart-contracts-v2-flash/iter_103/STATUS.yaml-20-  callers_grep_done: true
/Users/homanyeungmac/bounty-hunt-work/gpt-hackenproof/ston-dot-fi-dex-smart-contracts-v2-flash-wt/blind-test-vps/ston-dot-fi-dex-smart-contracts-v2-flash/iter_100/STATUS.yaml-5-cell_label: getter_payload_ref_shape_boundary
/Users/homanyeungmac/bounty-hunt-work/gpt-hackenproof/ston-dot-fi-dex-smart-contracts-v2-flash-wt/blind-test-vps/ston-dot-fi-dex-smart-contracts-v2-flash/iter_100/STATUS.yaml:6:final_verdict: DEADEND_WITH_PROOF
/Users/homanyeungmac/bounty-hunt-work/gpt-hackenproof/ston-dot-fi-dex-smart-contracts-v2-flash-wt/blind-test-vps/ston-dot-fi-dex-smart-contracts-v2-flash/iter_100/STATUS.yaml-7-scope:
/Users/homanyeungmac/bounty-hunt-work/gpt-hackenproof/ston-dot-fi-dex-smart-contracts-v2-flash-wt/blind-test-vps/ston-dot-fi-dex-smart-contracts-v2-flash/iter_100/STATUS.yaml-18-  cell_id: X5
/Users/homanyeungmac/bounty-hunt-work/gpt-hackenproof/ston-dot-fi-dex-smart-contracts-v2-flash-wt/blind-test-vps/ston-dot-fi-dex-smart-contracts-v2-flash/iter_100/STATUS.yaml:19:  final_verdict: DEADEND_WITH_PROOF
/Users/homanyeungmac/bounty-hunt-work/gpt-hackenproof/ston-dot-fi-dex-smart-contracts-v2-flash-wt/blind-test-vps/ston-dot-fi-dex-smart-contracts-v2-flash/iter_100/STATUS.yaml-20-  callers_grep_done: true
/Users/homanyeungmac/bounty-hunt-work/gpt-hackenproof/ston-dot-fi-dex-smart-contracts-v2-flash-wt/blind-test-vps/ston-dot-fi-dex-smart-contracts-v2-flash/iter_112/STATUS.yaml-4-cell_id: AA2
/Users/homanyeungmac/bounty-hunt-work/gpt-hackenproof/ston-dot-fi-dex-smart-contracts-v2-flash-wt/blind-test-vps/ston-dot-fi-dex-smart-contracts-v2-flash/iter_112/STATUS.yaml:5:cell_label: lp_account_add_liquidity_storage_merge
/Users/homanyeungmac/bounty-hunt-work/gpt-hackenproof/ston-dot-fi-dex-smart-contracts-v2-flash-wt/blind-test-vps/ston-dot-fi-dex-smart-contracts-v2-flash/iter_112/STATUS.yaml:6:final_verdict: DEADEND_WITH_PROOF
/Users/homanyeungmac/bounty-hunt-work/gpt-hackenproof/ston-dot-fi-dex-smart-contracts-v2-flash-wt/blind-test-vps/ston-dot-fi-dex-smart-contracts-v2-flash/iter_112/STATUS.yaml-7-scope:
/Users/homanyeungmac/bounty-hunt-work/gpt-hackenproof/ston-dot-fi-dex-smart-contracts-v2-flash-wt/blind-test-vps/ston-dot-fi-dex-smart-contracts-v2-flash/iter_112/STATUS.yaml-18-  cell_id: AA2
/Users/homanyeungmac/bounty-hunt-work/gpt-hackenproof/ston-dot-fi-dex-smart-contracts-v2-flash-wt/blind-test-vps/ston-dot-fi-dex-smart-contracts-v2-flash/iter_112/STATUS.yaml:19:  final_verdict: DEADEND_WITH_PROOF
/Users/homanyeungmac/bounty-hunt-work/gpt-hackenproof/ston-dot-fi-dex-smart-contracts-v2-flash-wt/blind-test-vps/ston-dot-fi-dex-smart-contracts-v2-flash/iter_112/STATUS.yaml-20-  callers_grep_done: true
/Users/homanyeungmac/bounty-hunt-work/gpt-hackenproof/ston-dot-fi-dex-smart-contracts-v2-flash-wt/blind-test-vps/ston-dot-fi-dex-smart-contracts-v2-flash/iter_108/STATUS.yaml-4-cell_id: Z3
/Users/homanyeungmac/bounty-hunt-work/gpt-hackenproof/ston-dot-fi-dex-smart-contracts-v2-flash-wt/blind-test-vps/ston-dot-fi-dex-smart-contracts-v2-flash/iter_108/STATUS.yaml:5:cell_label: pool_lp_account_callback_leg_identity
/Users/homanyeungmac/bounty-hunt-work/gpt-hackenproof/ston-dot-fi-dex-smart-contracts-v2-flash-wt/blind-test-vps/ston-dot-fi-dex-smart-contracts-v2-flash/iter_108/STATUS.yaml:6:final_verdict: DEADEND_WITH_PROOF
/Users/homanyeungmac/bounty-hunt-work/gpt-hackenproof/ston-dot-fi-dex-smart-contracts-v2-flash-wt/blind-test-vps/ston-dot-fi-dex-smart-contracts-v2-flash/iter_108/STATUS.yaml-7-scope:
/Users/homanyeungmac/bounty-hunt-work/gpt-hackenproof/ston-dot-fi-dex-smart-contracts-v2-flash-wt/blind-test-vps/ston-dot-fi-dex-smart-contracts-v2-flash/iter_108/STATUS.yaml-18-  cell_id: Z3
/Users/homanyeungmac/bounty-hunt-work/gpt-hackenproof/ston-dot-fi-dex-smart-contracts-v2-flash-wt/blind-test-vps/ston-dot-fi-dex-smart-contracts-v2-flash/iter_108/STATUS.yaml:19:  final_verdict: DEADEND_WITH_PROOF
/Users/homanyeungmac/bounty-hunt-work/gpt-hackenproof/ston-dot-fi-dex-smart-contracts-v2-flash-wt/blind-test-vps/ston-dot-fi-dex-smart-contracts-v2-flash/iter_108/STATUS.yaml-20-  callers_grep_done: true
/Users/homanyeungmac/bounty-hunt-work/gpt-hackenproof/ston-dot-fi-dex-smart-contracts-v2-flash-wt/blind-test-vps/ston-dot-fi-dex-smart-contracts-v2-flash/iter_109/STATUS.yaml-5-cell_label: router_getter_upgrade_code_visibility
/Users/homanyeungmac/bounty-hunt-work/gpt-hackenproof/ston-dot-fi-dex-smart-contracts-v2-flash-wt/blind-test-vps/ston-dot-fi-dex-smart-contracts-v2-flash/iter_109/STATUS.yaml:6:final_verdict: DEADEND_WITH_PROOF
/Users/homanyeungmac/bounty-hunt-work/gpt-hackenproof/ston-dot-fi-dex-smart-contracts-v2-flash-wt/blind-test-vps/ston-dot-fi-dex-smart-contracts-v2-flash/iter_109/STATUS.yaml-7-scope:
/Users/homanyeungmac/bounty-hunt-work/gpt-hackenproof/ston-dot-fi-dex-smart-contracts-v2-flash-wt/blind-test-vps/ston-dot-fi-dex-smart-contracts-v2-flash/iter_109/STATUS.yaml-18-  cell_id: Z4
/Users/homanyeungmac/bounty-hunt-work/gpt-hackenproof/ston-dot-fi-dex-smart-contracts-v2-flash-wt/blind-test-vps/ston-dot-fi-dex-smart-contracts-v2-flash/iter_109/STATUS.yaml:19:  final_verdict: DEADEND_WITH_PROOF
/Users/homanyeungmac/bounty-hunt-work/gpt-hackenproof/ston-dot-fi-dex-smart-contracts-v2-flash-wt/blind-test-vps/ston-dot-fi-dex-smart-contracts-v2-flash/iter_109/STATUS.yaml-20-  callers_grep_done: true
/Users/homanyeungmac/bounty-hunt-work/gpt-hackenproof/ston-dot-fi-dex-smart-contracts-v2-flash-wt/blind-test-vps/ston-dot-fi-dex-smart-contracts-v2-flash/iter_107/STATUS.yaml-5-cell_label: lp_account_refund_excess_carry_destination
/Users/homanyeungmac/bounty-hunt-work/gpt-hackenproof/ston-dot-fi-dex-smart-contracts-v2-flash-wt/blind-test-vps/ston-dot-fi-dex-smart-contracts-v2-flash/iter_107/STATUS.yaml:6:final_verdict: DEADEND_WITH_PROOF
/Users/homanyeungmac/bounty-hunt-work/gpt-hackenproof/ston-dot-fi-dex-smart-contracts-v2-flash-wt/blind-test-vps/ston-dot-fi-dex-smart-contracts-v2-flash/iter_107/STATUS.yaml-7-scope:
/Users/homanyeungmac/bounty-hunt-work/gpt-hackenproof/ston-dot-fi-dex-smart-contracts-v2-flash-wt/blind-test-vps/ston-dot-fi-dex-smart-contracts-v2-flash/iter_107/STATUS.yaml-18-  cell_id: Z2
/Users/homanyeungmac/bounty-hunt-work/gpt-hackenproof/ston-dot-fi-dex-smart-contracts-v2-flash-wt/blind-test-vps/ston-dot-fi-dex-smart-contracts-v2-flash/iter_107/STATUS.yaml:19:  final_verdict: DEADEND_WITH_PROOF
/Users/homanyeungmac/bounty-hunt-work/gpt-hackenproof/ston-dot-fi-dex-smart-contracts-v2-flash-wt/blind-test-vps/ston-dot-fi-dex-smart-contracts-v2-flash/iter_107/STATUS.yaml-20-  callers_grep_done: true
/Users/homanyeungmac/bounty-hunt-work/gpt-hackenproof/ston-dot-fi-dex-smart-contracts-v2-flash-wt/blind-test-vps/ston-dot-fi-dex-smart-contracts-v2-flash/iter_111/STATUS.yaml:5:cell_label: pool_callback_failure_redeploy_refund_binding
/Users/homanyeungmac/bounty-hunt-work/gpt-hackenproof/ston-dot-fi-dex-smart-contracts-v2-flash-wt/blind-test-vps/ston-dot-fi-dex-smart-contracts-v2-flash/iter_111/STATUS.yaml:6:final_verdict: DEADEND_WITH_PROOF
/Users/homanyeungmac/bounty-hunt-work/gpt-hackenproof/ston-dot-fi-dex-smart-contracts-v2-flash-wt/blind-test-vps/ston-dot-fi-dex-smart-contracts-v2-flash/iter_111/STATUS.yaml:19:  final_verdict: DEADEND_WITH_PROOF
/Users/homanyeungmac/bounty-hunt-work/gpt-hackenproof/ston-dot-fi-dex-smart-contracts-v2-flash-wt/blind-test-vps/ston-dot-fi-dex-smart-contracts-v2-flash/iter_106/STATUS.yaml-5-cell_label: lp_account_burn_state_clear_before_payout
/Users/homanyeungmac/bounty-hunt-work/gpt-hackenproof/ston-dot-fi-dex-smart-contracts-v2-flash-wt/blind-test-vps/ston-dot-fi-dex-smart-contracts-v2-flash/iter_106/STATUS.yaml:6:final_verdict: DEADEND_WITH_PROOF
/Users/homanyeungmac/bounty-hunt-work/gpt-hackenproof/ston-dot-fi-dex-smart-contracts-v2-flash-wt/blind-test-vps/ston-dot-fi-dex-smart-contracts-v2-flash/iter_106/STATUS.yaml-7-scope:
/Users/homanyeungmac/bounty-hunt-work/gpt-hackenproof/ston-dot-fi-dex-smart-contracts-v2-flash-wt/blind-test-vps/ston-dot-fi-dex-smart-contracts-v2-flash/iter_106/STATUS.yaml-18-  cell_id: Z1
/Users/homanyeungmac/bounty-hunt-work/gpt-hackenproof/ston-dot-fi-dex-smart-contracts-v2-flash-wt/blind-test-vps/ston-dot-fi-dex-smart-contracts-v2-flash/iter_106/STATUS.yaml:19:  final_verdict: DEADEND_WITH_PROOF
/Users/homanyeungmac/bounty-hunt-work/gpt-hackenproof/ston-dot-fi-dex-smart-contracts-v2-flash-wt/blind-test-vps/ston-dot-fi-dex-smart-contracts-v2-flash/iter_106/STATUS.yaml-20-  callers_grep_done: true
/Users/homanyeungmac/bounty-hunt-work/gpt-hackenproof/ston-dot-fi-dex-smart-contracts-v2-flash-wt/blind-test-vps/ston-dot-fi-dex-smart-contracts-v2-flash/iter_11/STATUS.yaml-5-cell_label: withdraw_lp x sender_binding
/Users/homanyeungmac/bounty-hunt-work/gpt-hackenproof/ston-dot-fi-dex-smart-contracts-v2-flash-wt/blind-test-vps/ston-dot-fi-dex-smart-contracts-v2-flash/iter_11/STATUS.yaml:6:final_verdict: DEADEND_WITH_PROOF
/Users/homanyeungmac/bounty-hunt-work/gpt-hackenproof/ston-dot-fi-dex-smart-contracts-v2-flash-wt/blind-test-vps/ston-dot-fi-dex-smart-contracts-v2-flash/iter_11/STATUS.yaml:19:  final_verdict: DEADEND_WITH_PROOF
/Users/homanyeungmac/bounty-hunt-work/gpt-hackenproof/ston-dot-fi-dex-smart-contracts-v2-flash-wt/blind-test-vps/ston-dot-fi-dex-smart-contracts-v2-flash/iter_110/STATUS.yaml-5-cell_label: lp_wallet_response_excess_workchain_boundary
/Users/homanyeungmac/bounty-hunt-work/gpt-hackenproof/ston-dot-fi-dex-smart-contracts-v2-flash-wt/blind-test-vps/ston-dot-fi-dex-smart-contracts-v2-flash/iter_110/STATUS.yaml:6:final_verdict: DEADEND_WITH_PROOF
/Users/homanyeungmac/bounty-hunt-work/gpt-hackenproof/ston-dot-fi-dex-smart-contracts-v2-flash-wt/blind-test-vps/ston-dot-fi-dex-smart-contracts-v2-flash/iter_110/STATUS.yaml:19:  final_verdict: DEADEND_WITH_PROOF
/Users/homanyeungmac/bounty-hunt-work/gpt-hackenproof/ston-dot-fi-dex-smart-contracts-v2-flash-wt/blind-test-vps/ston-dot-fi-dex-smart-contracts-v2-flash/iter_12/STATUS.yaml-5-cell_label: withdraw_lp x amount_conservation
…2692 tokens truncated…ty-hunt-work/gpt-hackenproof/ston-dot-fi-dex-smart-contracts-v2-flash-wt/blind-test-vps/ston-dot-fi-dex-smart-contracts-v2-flash/iter_130/STATUS.yaml-20-  callers_grep_done: true
/Users/homanyeungmac/bounty-hunt-work/gpt-hackenproof/ston-dot-fi-dex-smart-contracts-v2-flash-wt/blind-test-vps/ston-dot-fi-dex-smart-contracts-v2-flash/iter_128/STATUS.yaml-5-cell_label: router_nested_route_payload_tail_boundary
/Users/homanyeungmac/bounty-hunt-work/gpt-hackenproof/ston-dot-fi-dex-smart-contracts-v2-flash-wt/blind-test-vps/ston-dot-fi-dex-smart-contracts-v2-flash/iter_128/STATUS.yaml:6:final_verdict: DEADEND_WITH_PROOF
/Users/homanyeungmac/bounty-hunt-work/gpt-hackenproof/ston-dot-fi-dex-smart-contracts-v2-flash-wt/blind-test-vps/ston-dot-fi-dex-smart-contracts-v2-flash/iter_128/STATUS.yaml:19:  final_verdict: DEADEND_WITH_PROOF
/Users/homanyeungmac/bounty-hunt-work/gpt-hackenproof/ston-dot-fi-dex-smart-contracts-v2-flash-wt/blind-test-vps/ston-dot-fi-dex-smart-contracts-v2-flash/iter_13/STATUS.yaml-5-cell_label: withdraw_lp x state_persistence
/Users/homanyeungmac/bounty-hunt-work/gpt-hackenproof/ston-dot-fi-dex-smart-contracts-v2-flash-wt/blind-test-vps/ston-dot-fi-dex-smart-contracts-v2-flash/iter_13/STATUS.yaml:6:final_verdict: DEADEND_WITH_PROOF
/Users/homanyeungmac/bounty-hunt-work/gpt-hackenproof/ston-dot-fi-dex-smart-contracts-v2-flash-wt/blind-test-vps/ston-dot-fi-dex-smart-contracts-v2-flash/iter_13/STATUS.yaml:19:  final_verdict: DEADEND_WITH_PROOF
/Users/homanyeungmac/bounty-hunt-work/gpt-hackenproof/ston-dot-fi-dex-smart-contracts-v2-flash-wt/blind-test-vps/ston-dot-fi-dex-smart-contracts-v2-flash/iter_134/STATUS.yaml-5-cell_label: router_vault_pay_to_recipient_stateinit
/Users/homanyeungmac/bounty-hunt-work/gpt-hackenproof/ston-dot-fi-dex-smart-contracts-v2-flash-wt/blind-test-vps/ston-dot-fi-dex-smart-contracts-v2-flash/iter_134/STATUS.yaml:6:final_verdict: DEADEND_WITH_PROOF
/Users/homanyeungmac/bounty-hunt-work/gpt-hackenproof/ston-dot-fi-dex-smart-contracts-v2-flash-wt/blind-test-vps/ston-dot-fi-dex-smart-contracts-v2-flash/iter_134/STATUS.yaml:19:  final_verdict: DEADEND_WITH_PROOF
/Users/homanyeungmac/bounty-hunt-work/gpt-hackenproof/ston-dot-fi-dex-smart-contracts-v2-flash-wt/blind-test-vps/ston-dot-fi-dex-smart-contracts-v2-flash/iter_124/STATUS.yaml-5-cell_label: lp_wallet_forward_payload_reference_depth
/Users/homanyeungmac/bounty-hunt-work/gpt-hackenproof/ston-dot-fi-dex-smart-contracts-v2-flash-wt/blind-test-vps/ston-dot-fi-dex-smart-contracts-v2-flash/iter_124/STATUS.yaml:6:final_verdict: DEADEND_WITH_PROOF
/Users/homanyeungmac/bounty-hunt-work/gpt-hackenproof/ston-dot-fi-dex-smart-contracts-v2-flash-wt/blind-test-vps/ston-dot-fi-dex-smart-contracts-v2-flash/iter_124/STATUS.yaml:19:  final_verdict: DEADEND_WITH_PROOF
/Users/homanyeungmac/bounty-hunt-work/gpt-hackenproof/ston-dot-fi-dex-smart-contracts-v2-flash-wt/blind-test-vps/ston-dot-fi-dex-smart-contracts-v2-flash/iter_125/STATUS.yaml-5-cell_label: vault_concurrent_deposit_withdraw_transition
/Users/homanyeungmac/bounty-hunt-work/gpt-hackenproof/ston-dot-fi-dex-smart-contracts-v2-flash-wt/blind-test-vps/ston-dot-fi-dex-smart-contracts-v2-flash/iter_125/STATUS.yaml:6:final_verdict: DEADEND_WITH_PROOF
/Users/homanyeungmac/bounty-hunt-work/gpt-hackenproof/ston-dot-fi-dex-smart-contracts-v2-flash-wt/blind-test-vps/ston-dot-fi-dex-smart-contracts-v2-flash/iter_125/STATUS.yaml:19:  final_verdict: DEADEND_WITH_PROOF
/Users/homanyeungmac/bounty-hunt-work/gpt-hackenproof/ston-dot-fi-dex-smart-contracts-v2-flash-wt/blind-test-vps/ston-dot-fi-dex-smart-contracts-v2-flash/iter_133/STATUS.yaml-5-cell_label: router_notification_without_ref_refund_source
/Users/homanyeungmac/bounty-hunt-work/gpt-hackenproof/ston-dot-fi-dex-smart-contracts-v2-flash-wt/blind-test-vps/ston-dot-fi-dex-smart-contracts-v2-flash/iter_133/STATUS.yaml:6:final_verdict: DEADEND_WITH_PROOF
/Users/homanyeungmac/bounty-hunt-work/gpt-hackenproof/ston-dot-fi-dex-smart-contracts-v2-flash-wt/blind-test-vps/ston-dot-fi-dex-smart-contracts-v2-flash/iter_133/STATUS.yaml:19:  final_verdict: DEADEND_WITH_PROOF
/Users/homanyeungmac/bounty-hunt-work/gpt-hackenproof/ston-dot-fi-dex-smart-contracts-v2-flash-wt/blind-test-vps/ston-dot-fi-dex-smart-contracts-v2-flash/iter_141/STATUS.yaml-5-cell_label: opcode_collision_dispatch
/Users/homanyeungmac/bounty-hunt-work/gpt-hackenproof/ston-dot-fi-dex-smart-contracts-v2-flash-wt/blind-test-vps/ston-dot-fi-dex-smart-contracts-v2-flash/iter_141/STATUS.yaml:6:final_verdict: DEADEND_WITH_PROOF
/Users/homanyeungmac/bounty-hunt-work/gpt-hackenproof/ston-dot-fi-dex-smart-contracts-v2-flash-wt/blind-test-vps/ston-dot-fi-dex-smart-contracts-v2-flash/iter_141/STATUS.yaml:19:  final_verdict: DEADEND_WITH_PROOF
/Users/homanyeungmac/bounty-hunt-work/gpt-hackenproof/ston-dot-fi-dex-smart-contracts-v2-flash-wt/blind-test-vps/ston-dot-fi-dex-smart-contracts-v2-flash/iter_135/STATUS.yaml-5-cell_label: lp_wallet_transfer_response_excess_commit
/Users/homanyeungmac/bounty-hunt-work/gpt-hackenproof/ston-dot-fi-dex-smart-contracts-v2-flash-wt/blind-test-vps/ston-dot-fi-dex-smart-contracts-v2-flash/iter_135/STATUS.yaml:6:final_verdict: DEADEND_WITH_PROOF
/Users/homanyeungmac/bounty-hunt-work/gpt-hackenproof/ston-dot-fi-dex-smart-contracts-v2-flash-wt/blind-test-vps/ston-dot-fi-dex-smart-contracts-v2-flash/iter_135/STATUS.yaml:19:  final_verdict: DEADEND_WITH_PROOF
/Users/homanyeungmac/bounty-hunt-work/gpt-hackenproof/ston-dot-fi-dex-smart-contracts-v2-flash-wt/blind-test-vps/ston-dot-fi-dex-smart-contracts-v2-flash/iter_129/STATUS.yaml-5-cell_label: vault_deposited_amount_coin_serialization_limit
/Users/homanyeungmac/bounty-hunt-work/gpt-hackenproof/ston-dot-fi-dex-smart-contracts-v2-flash-wt/blind-test-vps/ston-dot-fi-dex-smart-contracts-v2-flash/iter_129/STATUS.yaml:6:final_verdict: DEADEND_WITH_PROOF
/Users/homanyeungmac/bounty-hunt-work/gpt-hackenproof/ston-dot-fi-dex-smart-contracts-v2-flash-wt/blind-test-vps/ston-dot-fi-dex-smart-contracts-v2-flash/iter_129/STATUS.yaml:19:  final_verdict: DEADEND_WITH_PROOF
/Users/homanyeungmac/bounty-hunt-work/gpt-hackenproof/ston-dot-fi-dex-smart-contracts-v2-flash-wt/blind-test-vps/ston-dot-fi-dex-smart-contracts-v2-flash/iter_132/STATUS.yaml-5-cell_label: pool_protocol_fee_dual_payload_delivery
/Users/homanyeungmac/bounty-hunt-work/gpt-hackenproof/ston-dot-fi-dex-smart-contracts-v2-flash-wt/blind-test-vps/ston-dot-fi-dex-smart-contracts-v2-flash/iter_132/STATUS.yaml:6:final_verdict: KILLED_TRUSTED_ON_TRUSTED
/Users/homanyeungmac/bounty-hunt-work/gpt-hackenproof/ston-dot-fi-dex-smart-contracts-v2-flash-wt/blind-test-vps/ston-dot-fi-dex-smart-contracts-v2-flash/iter_132/STATUS.yaml:19:  final_verdict: KILLED_TRUSTED_ON_TRUSTED
/Users/homanyeungmac/bounty-hunt-work/gpt-hackenproof/ston-dot-fi-dex-smart-contracts-v2-flash-wt/blind-test-vps/ston-dot-fi-dex-smart-contracts-v2-flash/iter_138/STATUS.yaml-5-cell_label: router_admin_reset_pool_gas_recipient
/Users/homanyeungmac/bounty-hunt-work/gpt-hackenproof/ston-dot-fi-dex-smart-contracts-v2-flash-wt/blind-test-vps/ston-dot-fi-dex-smart-contracts-v2-flash/iter_138/STATUS.yaml:6:final_verdict: KILLED_TRUSTED_ON_TRUSTED
/Users/homanyeungmac/bounty-hunt-work/gpt-hackenproof/ston-dot-fi-dex-smart-contracts-v2-flash-wt/blind-test-vps/ston-dot-fi-dex-smart-contracts-v2-flash/iter_138/STATUS.yaml:19:  final_verdict: KILLED_TRUSTED_ON_TRUSTED
/Users/homanyeungmac/bounty-hunt-work/gpt-hackenproof/ston-dot-fi-dex-smart-contracts-v2-flash-wt/blind-test-vps/ston-dot-fi-dex-smart-contracts-v2-flash/iter_137/STATUS.yaml-5-cell_label: pool_burn_payload_wrapper_leg_split
/Users/homanyeungmac/bounty-hunt-work/gpt-hackenproof/ston-dot-fi-dex-smart-contracts-v2-flash-wt/blind-test-vps/ston-dot-fi-dex-smart-contracts-v2-flash/iter_137/STATUS.yaml:6:final_verdict: DEADEND_WITH_PROOF
/Users/homanyeungmac/bounty-hunt-work/gpt-hackenproof/ston-dot-fi-dex-smart-contracts-v2-flash-wt/blind-test-vps/ston-dot-fi-dex-smart-contracts-v2-flash/iter_137/STATUS.yaml:19:  final_verdict: DEADEND_WITH_PROOF
/Users/homanyeungmac/bounty-hunt-work/gpt-hackenproof/ston-dot-fi-dex-smart-contracts-v2-flash-wt/blind-test-vps/ston-dot-fi-dex-smart-contracts-v2-flash/iter_140/STATUS.yaml-5-cell_label: getter_response_state_alias
/Users/homanyeungmac/bounty-hunt-work/gpt-hackenproof/ston-dot-fi-dex-smart-contracts-v2-flash-wt/blind-test-vps/ston-dot-fi-dex-smart-contracts-v2-flash/iter_140/STATUS.yaml:6:final_verdict: DEADEND_WITH_PROOF
/Users/homanyeungmac/bounty-hunt-work/gpt-hackenproof/ston-dot-fi-dex-smart-contracts-v2-flash-wt/blind-test-vps/ston-dot-fi-dex-smart-contracts-v2-flash/iter_140/STATUS.yaml:19:  final_verdict: DEADEND_WITH_PROOF
/Users/homanyeungmac/bounty-hunt-work/gpt-hackenproof/ston-dot-fi-dex-smart-contracts-v2-flash-wt/blind-test-vps/ston-dot-fi-dex-smart-contracts-v2-flash/iter_131/STATUS.yaml-5-cell_label: pool_swap_referral_output_send_order
/Users/homanyeungmac/bounty-hunt-work/gpt-hackenproof/ston-dot-fi-dex-smart-contracts-v2-flash-wt/blind-test-vps/ston-dot-fi-dex-smart-contracts-v2-flash/iter_131/STATUS.yaml:6:final_verdict: DEADEND_WITH_PROOF
/Users/homanyeungmac/bounty-hunt-work/gpt-hackenproof/ston-dot-fi-dex-smart-contracts-v2-flash-wt/blind-test-vps/ston-dot-fi-dex-smart-contracts-v2-flash/iter_131/STATUS.yaml:19:  final_verdict: DEADEND_WITH_PROOF
/Users/homanyeungmac/bounty-hunt-work/gpt-hackenproof/ston-dot-fi-dex-smart-contracts-v2-flash-wt/blind-test-vps/ston-dot-fi-dex-smart-contracts-v2-flash/iter_149/STATUS.yaml-5-cell_label: lp_wallet_state_init_encoding
/Users/homanyeungmac/bounty-hunt-work/gpt-hackenproof/ston-dot-fi-dex-smart-contracts-v2-flash-wt/blind-test-vps/ston-dot-fi-dex-smart-contracts-v2-flash/iter_149/STATUS.yaml:6:final_verdict: PRE_KILLED_DUPLICATE
/Users/homanyeungmac/bounty-hunt-work/gpt-hackenproof/ston-dot-fi-dex-smart-contracts-v2-flash-wt/blind-test-vps/ston-dot-fi-dex-smart-contracts-v2-flash/iter_149/STATUS.yaml:19:  final_verdict: PRE_KILLED_DUPLICATE
/Users/homanyeungmac/bounty-hunt-work/gpt-hackenproof/ston-dot-fi-dex-smart-contracts-v2-flash-wt/blind-test-vps/ston-dot-fi-dex-smart-contracts-v2-flash/iter_144/STATUS.yaml:5:cell_label: router_storage_upgrade_ref_arity
/Users/homanyeungmac/bounty-hunt-work/gpt-hackenproof/ston-dot-fi-dex-smart-contracts-v2-flash-wt/blind-test-vps/ston-dot-fi-dex-smart-contracts-v2-flash/iter_144/STATUS.yaml:6:final_verdict: DEADEND_WITH_PROOF
/Users/homanyeungmac/bounty-hunt-work/gpt-hackenproof/ston-dot-fi-dex-smart-contracts-v2-flash-wt/blind-test-vps/ston-dot-fi-dex-smart-contracts-v2-flash/iter_144/STATUS.yaml:19:  final_verdict: DEADEND_WITH_PROOF
/Users/homanyeungmac/bounty-hunt-work/gpt-hackenproof/ston-dot-fi-dex-smart-contracts-v2-flash-wt/blind-test-vps/ston-dot-fi-dex-smart-contracts-v2-flash/iter_136/STATUS.yaml-5-cell_label: lp_wallet_bounced_header_spoof_restore
/Users/homanyeungmac/bounty-hunt-work/gpt-hackenproof/ston-dot-fi-dex-smart-contracts-v2-flash-wt/blind-test-vps/ston-dot-fi-dex-smart-contracts-v2-flash/iter_136/STATUS.yaml:6:final_verdict: DEADEND_WITH_PROOF
/Users/homanyeungmac/bounty-hunt-work/gpt-hackenproof/ston-dot-fi-dex-smart-contracts-v2-flash-wt/blind-test-vps/ston-dot-fi-dex-smart-contracts-v2-flash/iter_136/STATUS.yaml:19:  final_verdict: DEADEND_WITH_PROOF
/Users/homanyeungmac/bounty-hunt-work/gpt-hackenproof/ston-dot-fi-dex-smart-contracts-v2-flash-wt/blind-test-vps/ston-dot-fi-dex-smart-contracts-v2-flash/iter_145/STATUS.yaml-5-cell_label: pool_dispatch_sender_precedence
/Users/homanyeungmac/bounty-hunt-work/gpt-hackenproof/ston-dot-fi-dex-smart-contracts-v2-flash-wt/blind-test-vps/ston-dot-fi-dex-smart-contracts-v2-flash/iter_145/STATUS.yaml:6:final_verdict: KILLED_TRUSTED_ON_TRUSTED
/Users/homanyeungmac/bounty-hunt-work/gpt-hackenproof/ston-dot-fi-dex-smart-contracts-v2-flash-wt/blind-test-vps/ston-dot-fi-dex-smart-contracts-v2-flash/iter_145/STATUS.yaml:19:  final_verdict: KILLED_TRUSTED_ON_TRUSTED
/Users/homanyeungmac/bounty-hunt-work/gpt-hackenproof/ston-dot-fi-dex-smart-contracts-v2-flash-wt/blind-test-vps/ston-dot-fi-dex-smart-contracts-v2-flash/iter_14/STATUS.yaml-5-cell_label: withdraw_lp x bounce_reversal
/Users/homanyeungmac/bounty-hunt-work/gpt-hackenproof/ston-dot-fi-dex-smart-contracts-v2-flash-wt/blind-test-vps/ston-dot-fi-dex-smart-contracts-v2-flash/iter_14/STATUS.yaml:6:final_verdict: DEADEND_WITH_PROOF
/Users/homanyeungmac/bounty-hunt-work/gpt-hackenproof/ston-dot-fi-dex-smart-contracts-v2-flash-wt/blind-test-vps/ston-dot-fi-dex-smart-contracts-v2-flash/iter_14/STATUS.yaml:19:  final_verdict: DEADEND_WITH_PROOF
/Users/homanyeungmac/bounty-hunt-work/gpt-hackenproof/ston-dot-fi-dex-smart-contracts-v2-flash-wt/blind-test-vps/ston-dot-fi-dex-smart-contracts-v2-flash/iter_142/STATUS.yaml:5:cell_label: callback_operation_typing_alias
/Users/homanyeungmac/bounty-hunt-work/gpt-hackenproof/ston-dot-fi-dex-smart-contracts-v2-flash-wt/blind-test-vps/ston-dot-fi-dex-smart-contracts-v2-flash/iter_142/STATUS.yaml:6:final_verdict: DEADEND_WITH_PROOF
/Users/homanyeungmac/bounty-hunt-work/gpt-hackenproof/ston-dot-fi-dex-smart-contracts-v2-flash-wt/blind-test-vps/ston-dot-fi-dex-smart-contracts-v2-flash/iter_142/STATUS.yaml:19:  final_verdict: DEADEND_WITH_PROOF
/Users/homanyeungmac/bounty-hunt-work/gpt-hackenproof/ston-dot-fi-dex-smart-contracts-v2-flash-wt/blind-test-vps/ston-dot-fi-dex-smart-contracts-v2-flash/iter_148/STATUS.yaml-5-cell_label: variant_extension_wiring
/Users/homanyeungmac/bounty-hunt-work/gpt-hackenproof/ston-dot-fi-dex-smart-contracts-v2-flash-wt/blind-test-vps/ston-dot-fi-dex-smart-contracts-v2-flash/iter_148/STATUS.yaml:6:final_verdict: DEADEND_WITH_PROOF
/Users/homanyeungmac/bounty-hunt-work/gpt-hackenproof/ston-dot-fi-dex-smart-contracts-v2-flash-wt/blind-test-vps/ston-dot-fi-dex-smart-contracts-v2-flash/iter_148/STATUS.yaml:19:  final_verdict: DEADEND_WITH_PROOF
/Users/homanyeungmac/bounty-hunt-work/gpt-hackenproof/ston-dot-fi-dex-smart-contracts-v2-flash-wt/blind-test-vps/ston-dot-fi-dex-smart-contracts-v2-flash/iter_139/STATUS.yaml-5-cell_label: pool_reset_gas_body_tail_parse
/Users/homanyeungmac/bounty-hunt-work/gpt-hackenproof/ston-dot-fi-dex-smart-contracts-v2-flash-wt/blind-test-vps/ston-dot-fi-dex-smart-contracts-v2-flash/iter_139/STATUS.yaml:6:final_verdict: KILLED_TRUSTED_ON_TRUSTED
/Users/homanyeungmac/bounty-hunt-work/gpt-hackenproof/ston-dot-fi-dex-smart-contracts-v2-flash-wt/blind-test-vps/ston-dot-fi-dex-smart-contracts-v2-flash/iter_139/STATUS.yaml:19:  final_verdict: KILLED_TRUSTED_ON_TRUSTED
/Users/homanyeungmac/bounty-hunt-work/gpt-hackenproof/ston-dot-fi-dex-smart-contracts-v2-flash-wt/blind-test-vps/ston-dot-fi-dex-smart-contracts-v2-flash/iter_151/STATUS.yaml-5-cell_label: deploy_config_variant_binding
/Users/homanyeungmac/bounty-hunt-work/gpt-hackenproof/ston-dot-fi-dex-smart-contracts-v2-flash-wt/blind-test-vps/ston-dot-fi-dex-smart-contracts-v2-flash/iter_151/STATUS.yaml:6:final_verdict: PRE_KILLED_OOS
/Users/homanyeungmac/bounty-hunt-work/gpt-hackenproof/ston-dot-fi-dex-smart-contracts-v2-flash-wt/blind-test-vps/ston-dot-fi-dex-smart-contracts-v2-flash/iter_151/STATUS.yaml:19:  final_verdict: PRE_KILLED_OOS
/Users/homanyeungmac/bounty-hunt-work/gpt-hackenproof/ston-dot-fi-dex-smart-contracts-v2-flash-wt/blind-test-vps/ston-dot-fi-dex-smart-contracts-v2-flash/iter_147/STATUS.yaml-5-cell_label: interface_payload_ref_arity
/Users/homanyeungmac/bounty-hunt-work/gpt-hackenproof/ston-dot-fi-dex-smart-contracts-v2-flash-wt/blind-test-vps/ston-dot-fi-dex-smart-contracts-v2-flash/iter_147/STATUS.yaml:6:final_verdict: PRE_KILLED_DUPLICATE
/Users/homanyeungmac/bounty-hunt-work/gpt-hackenproof/ston-dot-fi-dex-smart-contracts-v2-flash-wt/blind-test-vps/ston-dot-fi-dex-smart-contracts-v2-flash/iter_147/STATUS.yaml:19:  final_verdict: PRE_KILLED_DUPLICATE
/Users/homanyeungmac/bounty-hunt-work/gpt-hackenproof/ston-dot-fi-dex-smart-contracts-v2-flash-wt/blind-test-vps/ston-dot-fi-dex-smart-contracts-v2-flash/iter_143/STATUS.yaml:5:cell_label: pool_storage_variant_ref_arity
/Users/homanyeungmac/bounty-hunt-work/gpt-hackenproof/ston-dot-fi-dex-smart-contracts-v2-flash-wt/blind-test-vps/ston-dot-fi-dex-smart-contracts-v2-flash/iter_143/STATUS.yaml:6:final_verdict: DEADEND_WITH_PROOF
/Users/homanyeungmac/bounty-hunt-work/gpt-hackenproof/ston-dot-fi-dex-smart-contracts-v2-flash-wt/blind-test-vps/ston-dot-fi-dex-smart-contracts-v2-flash/iter_143/STATUS.yaml:19:  final_verdict: DEADEND_WITH_PROOF
/Users/homanyeungmac/bounty-hunt-work/gpt-hackenproof/ston-dot-fi-dex-smart-contracts-v2-flash-wt/blind-test-vps/ston-dot-fi-dex-smart-contracts-v2-flash/iter_156/STATUS.yaml-5-cell_label: constant_product_invariant_iteration
/Users/homanyeungmac/bounty-hunt-work/gpt-hackenproof/ston-dot-fi-dex-smart-contracts-v2-flash-wt/blind-test-vps/ston-dot-fi-dex-smart-contracts-v2-flash/iter_156/STATUS.yaml:6:final_verdict: DEADEND_WITH_PROOF
/Users/homanyeungmac/bounty-hunt-work/gpt-hackenproof/ston-dot-fi-dex-smart-contracts-v2-flash-wt/blind-test-vps/ston-dot-fi-dex-smart-contracts-v2-flash/iter_156/STATUS.yaml:19:  final_verdict: DEADEND_WITH_PROOF
/Users/homanyeungmac/bounty-hunt-work/gpt-hackenproof/ston-dot-fi-dex-smart-contracts-v2-flash-wt/blind-test-vps/ston-dot-fi-dex-smart-contracts-v2-flash/iter_155/STATUS.yaml-5-cell_label: weighted_const_product_ratio_guard
/Users/homanyeungmac/bounty-hunt-work/gpt-hackenproof/ston-dot-fi-dex-smart-contracts-v2-flash-wt/blind-test-vps/ston-dot-fi-dex-smart-contracts-v2-flash/iter_155/STATUS.yaml:6:final_verdict: DEADEND_WITH_PROOF
/Users/homanyeungmac/bounty-hunt-work/gpt-hackenproof/ston-dot-fi-dex-smart-contracts-v2-flash-wt/blind-test-vps/ston-dot-fi-dex-smart-contracts-v2-flash/iter_155/STATUS.yaml:19:  final_verdict: DEADEND_WITH_PROOF
/Users/homanyeungmac/bounty-hunt-work/gpt-hackenproof/ston-dot-fi-dex-smart-contracts-v2-flash-wt/blind-test-vps/ston-dot-fi-dex-smart-contracts-v2-flash/iter_154/STATUS.yaml-5-cell_label: stableswap_invariant_solver_denominator_boundary

Prior-family conclusion: direct-add, LP-account storage-merge, mint/destroy save-order, and callback identity families were already drilled. The repeated result is account-local state clearing with deterministic Pool/LPWallet callbacks; no cross-user asset path was exposed.
