
> @ston-fi/dex-core-v2@2.2.0 test
> jest --verbose --runInBand tests/WeightedCPI.spec.ts -t should collect ref fee from vault|should refund swap|should refund swap if pool locked|should refund swap if fee more than max

PASS tests/WeightedCPI.spec.ts (7.753 s)
  Weighted CPI
    Fees
      ✓ should collect ref fee from vault (1293 ms)
      ○ skipped should set fees
      ○ skipped should collect fees
    Params
      ○ skipped should set params
      ○ skipped should swap with different ratio
    Dex
      ○ skipped should deploy dex
      ○ skipped should swap
      ○ skipped should provide lp
      ○ skipped should provide lp (single side)
      ○ skipped should burn liquidity
      ○ skipped should cross-swap on the same router
      ○ skipped should cross-swap on 2 routers
      ○ skipped should direct add liquidity (all)
      ○ skipped should direct add liquidity (partial)
      ○ skipped should swap with 0 ref fee
      ○ skipped should swap with max ref fee
    Refund
      ✓ should refund swap (912 ms)
      ✓ should refund swap if pool locked (936 ms)
      ✓ should refund swap if fee more than max (908 ms)
      ○ skipped should refund partial liquidity
      ○ skipped should refund cross-swap on the same router
      ○ skipped should refund cross-swap on 2 routers (in)
      ○ skipped should refund cross-swap on 2 routers (mid)
    Bounce
      ○ skipped should bounce set fees if not admin
      ○ skipped should bounce collect fees if no fee

Test Suites: 1 passed, 1 total
Tests:       21 skipped, 4 passed, 25 total
Snapshots:   0 total
Time:        7.885 s
Ran all test suites matching /tests\/WeightedCPI.spec.ts/i with tests matching "should collect ref fee from vault|should refund swap|should refund swap if pool locked|should refund swap if fee more than max".
