
> @ston-fi/dex-core-v2@2.2.0 test
> jest --verbose --runInBand tests/ConstProduct.spec.ts -t should refund swap|should cross-swap on the same router|should cross-swap on 2 routers

PASS tests/ConstProduct.spec.ts (10.237 s)
  Const Product
    wip
      ○ skipped 123
    Pool code upgrade
      ○ skipped should init new pool code
      ○ skipped should cancel new pool code
      ○ skipped should finalize new pool code
      ○ skipped should not finalize new pool code if time not passed
      ○ skipped should set new pool code on pool
      ○ skipped should not set new pool code if empty
    Fees
      ○ skipped should set fees
      ○ skipped should collect fees
      ○ skipped should collect ref fee from vault
    Dex
      ✓ should cross-swap on the same router (1725 ms)
      ✓ should cross-swap on 2 routers (1532 ms)
      ✓ should refund swap if tx is expired (814 ms)
      ○ skipped should deploy dex
      ○ skipped should swap
      ○ skipped should provide lp
      ○ skipped should provide lp with payload
      ○ skipped should provide lp with payload to a different address
      ○ skipped should handle more complex scenarios
      ○ skipped should provide lp (single side)
      ○ skipped should burn lp and swap
      ○ skipped should provide lp (single side) with protocol fees
      ○ skipped should burn liquidity
      ○ skipped should direct add liquidity (all)
      ○ skipped should direct add liquidity (partial)
      ○ skipped should swap with 0 ref fee
      ○ skipped should swap with max ref fee
    Refund
      ✓ should refund swap (882 ms)
      ✓ should refund swap if fee more than max (800 ms)
      ○ skipped should refund partial liquidity
      ○ skipped should refund both lp tokens
      ○ skipped should refund cross-swap on the same router
      ○ skipped should refund cross-swap on 2 routers (in)
      ○ skipped should refund cross-swap on 2 routers (mid)
    Bounce
      ○ skipped should bounce set fees if not admin
      ○ skipped should bounce collect fees if no fee

Test Suites: 1 passed, 1 total
Tests:       31 skipped, 5 passed, 36 total
Snapshots:   0 total
Time:        10.51 s, estimated 40 s
Ran all test suites matching /tests\/ConstProduct.spec.ts/i with tests matching "should refund swap|should cross-swap on the same router|should cross-swap on 2 routers".
