
> @ston-fi/dex-core-v2@2.2.0 test
> jest --verbose --runInBand tests/ConstProduct.spec.ts tests/System.spec.ts -t should init new pool code|should cancel new pool code|should finalize new pool code|should not finalize new pool code if time not passed|should set new pool code on pool|should not set new pool code if empty|should provide lp$|should handle mint & burn liquidity

PASS tests/ConstProduct.spec.ts (10.034 s)
  Const Product
    wip
      ○ skipped 123
    Pool code upgrade
      ✓ should init new pool code (904 ms)
      ✓ should cancel new pool code (741 ms)
      ✓ should finalize new pool code (749 ms)
      ✓ should not finalize new pool code if time not passed (777 ms)
      ✓ should set new pool code on pool (766 ms)
      ✓ should not set new pool code if empty (753 ms)
    Fees
      ○ skipped should set fees
      ○ skipped should collect fees
      ○ skipped should collect ref fee from vault
    Dex
      ✓ should provide lp (975 ms)
      ○ skipped should deploy dex
      ○ skipped should swap
      ○ skipped should provide lp with payload
      ○ skipped should provide lp with payload to a different address
      ○ skipped should handle more complex scenarios
      ○ skipped should provide lp (single side)
      ○ skipped should burn lp and swap
      ○ skipped should provide lp (single side) with protocol fees
      ○ skipped should burn liquidity
      ○ skipped should cross-swap on the same router
      ○ skipped should cross-swap on 2 routers
      ○ skipped should direct add liquidity (all)
      ○ skipped should direct add liquidity (partial)
      ○ skipped should refund swap if tx is expired
      ○ skipped should swap with 0 ref fee
      ○ skipped should swap with max ref fee
    Refund
      ○ skipped should refund partial liquidity
      ○ skipped should refund both lp tokens
      ○ skipped should refund swap
      ○ skipped should refund cross-swap on the same router
      ○ skipped should refund cross-swap on 2 routers (in)
      ○ skipped should refund cross-swap on 2 routers (mid)
      ○ skipped should refund swap if fee more than max
    Bounce
      ○ skipped should bounce set fees if not admin
      ○ skipped should bounce collect fees if no fee

PASS tests/System.spec.ts
  System
    Dex
      ✓ should handle mint & burn liquidity (333 ms)
      ○ skipped should handle refund partial liquidity
      ○ skipped should handle swaps
      ○ skipped should handle invalid transfers
      ○ skipped should handle cross swap
    Governance
      ○ skipped should reset pool gas
      ○ skipped should reset pool gas (different address)
      ○ skipped should reset router gas
      ○ skipped should lock & unlock pool
      ○ skipped should set fees
      ○ skipped should collect fees

Test Suites: 2 passed, 2 total
Tests:       39 skipped, 8 passed, 47 total
Snapshots:   0 total
Time:        13.345 s
Ran all test suites matching /tests\/ConstProduct.spec.ts|tests\/System.spec.ts/i with tests matching "should init new pool code|should cancel new pool code|should finalize new pool code|should not finalize new pool code if time not passed|should set new pool code on pool|should not set new pool code if empty|should provide lp$|should handle mint & burn liquidity".
